Archive member included to satisfy reference by file (symbol)

d:/semester 241/embedded system/stm32 application/stm32cubeide_1.7.0/stm32cubeide/plugins/com.st.stm32cube.ide.mcu.externaltools.gnu-tools-for-stm32.9-2020-q2-update.win32_2.0.0.202105311346/tools/bin/../lib/gcc/arm-none-eabi/9.3.1/../../../../arm-none-eabi/lib/thumb/v7e-m+fp/hard\libc_nano.a(lib_a-errno.o)
                              ./Core/Src/syscalls.o (__errno)
d:/semester 241/embedded system/stm32 application/stm32cubeide_1.7.0/stm32cubeide/plugins/com.st.stm32cube.ide.mcu.externaltools.gnu-tools-for-stm32.9-2020-q2-update.win32_2.0.0.202105311346/tools/bin/../lib/gcc/arm-none-eabi/9.3.1/../../../../arm-none-eabi/lib/thumb/v7e-m+fp/hard\libc_nano.a(lib_a-exit.o)
                              d:/semester 241/embedded system/stm32 application/stm32cubeide_1.7.0/stm32cubeide/plugins/com.st.stm32cube.ide.mcu.externaltools.gnu-tools-for-stm32.9-2020-q2-update.win32_2.0.0.202105311346/tools/bin/../lib/gcc/arm-none-eabi/9.3.1/../../../../arm-none-eabi/lib/thumb/v7e-m+fp/hard/crt0.o (exit)
d:/semester 241/embedded system/stm32 application/stm32cubeide_1.7.0/stm32cubeide/plugins/com.st.stm32cube.ide.mcu.externaltools.gnu-tools-for-stm32.9-2020-q2-update.win32_2.0.0.202105311346/tools/bin/../lib/gcc/arm-none-eabi/9.3.1/../../../../arm-none-eabi/lib/thumb/v7e-m+fp/hard\libc_nano.a(lib_a-impure.o)
                              d:/semester 241/embedded system/stm32 application/stm32cubeide_1.7.0/stm32cubeide/plugins/com.st.stm32cube.ide.mcu.externaltools.gnu-tools-for-stm32.9-2020-q2-update.win32_2.0.0.202105311346/tools/bin/../lib/gcc/arm-none-eabi/9.3.1/../../../../arm-none-eabi/lib/thumb/v7e-m+fp/hard\libc_nano.a(lib_a-exit.o) (_global_impure_ptr)
d:/semester 241/embedded system/stm32 application/stm32cubeide_1.7.0/stm32cubeide/plugins/com.st.stm32cube.ide.mcu.externaltools.gnu-tools-for-stm32.9-2020-q2-update.win32_2.0.0.202105311346/tools/bin/../lib/gcc/arm-none-eabi/9.3.1/../../../../arm-none-eabi/lib/thumb/v7e-m+fp/hard\libc_nano.a(lib_a-init.o)
                              d:/semester 241/embedded system/stm32 application/stm32cubeide_1.7.0/stm32cubeide/plugins/com.st.stm32cube.ide.mcu.externaltools.gnu-tools-for-stm32.9-2020-q2-update.win32_2.0.0.202105311346/tools/bin/../lib/gcc/arm-none-eabi/9.3.1/../../../../arm-none-eabi/lib/thumb/v7e-m+fp/hard/crt0.o (__libc_init_array)
d:/semester 241/embedded system/stm32 application/stm32cubeide_1.7.0/stm32cubeide/plugins/com.st.stm32cube.ide.mcu.externaltools.gnu-tools-for-stm32.9-2020-q2-update.win32_2.0.0.202105311346/tools/bin/../lib/gcc/arm-none-eabi/9.3.1/../../../../arm-none-eabi/lib/thumb/v7e-m+fp/hard\libc_nano.a(lib_a-memset.o)
                              d:/semester 241/embedded system/stm32 application/stm32cubeide_1.7.0/stm32cubeide/plugins/com.st.stm32cube.ide.mcu.externaltools.gnu-tools-for-stm32.9-2020-q2-update.win32_2.0.0.202105311346/tools/bin/../lib/gcc/arm-none-eabi/9.3.1/../../../../arm-none-eabi/lib/thumb/v7e-m+fp/hard/crt0.o (memset)
d:/semester 241/embedded system/stm32 application/stm32cubeide_1.7.0/stm32cubeide/plugins/com.st.stm32cube.ide.mcu.externaltools.gnu-tools-for-stm32.9-2020-q2-update.win32_2.0.0.202105311346/tools/bin/../lib/gcc/arm-none-eabi/9.3.1/../../../../arm-none-eabi/lib/thumb/v7e-m+fp/hard\libc_nano.a(lib_a-sprintf.o)
                              ./Core/Src/control.o (sprintf)
d:/semester 241/embedded system/stm32 application/stm32cubeide_1.7.0/stm32cubeide/plugins/com.st.stm32cube.ide.mcu.externaltools.gnu-tools-for-stm32.9-2020-q2-update.win32_2.0.0.202105311346/tools/bin/../lib/gcc/arm-none-eabi/9.3.1/../../../../arm-none-eabi/lib/thumb/v7e-m+fp/hard\libc_nano.a(lib_a-strlen.o)
                              ./Core/Src/lcd.o (strlen)
d:/semester 241/embedded system/stm32 application/stm32cubeide_1.7.0/stm32cubeide/plugins/com.st.stm32cube.ide.mcu.externaltools.gnu-tools-for-stm32.9-2020-q2-update.win32_2.0.0.202105311346/tools/bin/../lib/gcc/arm-none-eabi/9.3.1/../../../../arm-none-eabi/lib/thumb/v7e-m+fp/hard\libc_nano.a(lib_a-nano-svfprintf.o)
                              d:/semester 241/embedded system/stm32 application/stm32cubeide_1.7.0/stm32cubeide/plugins/com.st.stm32cube.ide.mcu.externaltools.gnu-tools-for-stm32.9-2020-q2-update.win32_2.0.0.202105311346/tools/bin/../lib/gcc/arm-none-eabi/9.3.1/../../../../arm-none-eabi/lib/thumb/v7e-m+fp/hard\libc_nano.a(lib_a-sprintf.o) (_svfprintf_r)
d:/semester 241/embedded system/stm32 application/stm32cubeide_1.7.0/stm32cubeide/plugins/com.st.stm32cube.ide.mcu.externaltools.gnu-tools-for-stm32.9-2020-q2-update.win32_2.0.0.202105311346/tools/bin/../lib/gcc/arm-none-eabi/9.3.1/../../../../arm-none-eabi/lib/thumb/v7e-m+fp/hard\libc_nano.a(lib_a-nano-vfprintf_i.o)
[...]
Memory Configuration

Name             Origin             Length             Attributes
CCMRAM           0x0000000010000000 0x0000000000010000 xrw
RAM              0x0000000020000000 0x0000000000020000 xrw
FLASH            0x0000000008000000 0x0000000000100000 xr
*default*        0x0000000000000000 0xffffffffffffffff

Linker script and memory map

LOAD d:/semester 241/embedded system/stm32 application/stm32cubeide_1.7.0/stm32cubeide/plugins/com.st.stm32cube.ide.mcu.externaltools.gnu-tools-for-stm32.9-2020-q2-update.win32_2.0.0.202105311346/tools/bin/../lib/gcc/arm-none-eabi/9.3.1/thumb/v7e-m+fp/hard/crti.o
LOAD d:/semester 241/embedded system/stm32 application/stm32cubeide_1.7.0/stm32cubeide/plugins/com.st.stm32cube.ide.mcu.externaltools.gnu-tools-for-stm32.9-2020-q2-update.win32_2.0.0.202105311346/tools/bin/../lib/gcc/arm-none-eabi/9.3.1/thumb/v7e-m+fp/hard/crtbegin.o
LOAD d:/semester 241/embedded system/stm32 application/stm32cubeide_1.7.0/stm32cubeide/plugins/com.st.stm32cube.ide.mcu.externaltools.gnu-tools-for-stm32.9-2020-q2-update.win32_2.0.0.202105311346/tools/bin/../lib/gcc/arm-none-eabi/9.3.1/../../../../arm-none-eabi/lib/thumb/v7e-m+fp/hard/crt0.o
LOAD ./Core/Src/adc.o
LOAD ./Core/Src/at24c.o
LOAD ./Core/Src/button.o
LOAD ./Core/Src/buzzer.o
LOAD ./Core/Src/control.o
LOAD ./Core/Src/dma.o
LOAD ./Core/Src/ds3231.o
LOAD ./Core/Src/fsmc.o
LOAD ./Core/Src/gpio.o
LOAD ./Core/Src/i2c.o
LOAD ./Core/Src/lcd.o
LOAD ./Core/Src/led_7seg.o
LOAD ./Core/Src/main.o
LOAD ./Core/Src/picture.o
LOAD ./Core/Src/sensor.o
LOAD ./Core/Src/software_timer.o
LOAD ./Core/Src/spi.o
LOAD ./Core/Src/stm32f4xx_hal_msp.o
LOAD ./Core/Src/stm32f4xx_it.o
LOAD ./Core/Src/syscalls.o
LOAD ./Core/Src/sysmem.o
LOAD ./Core/Src/system.o
LOAD ./Core/Src/system_stm32f4xx.o
LOAD ./Core/Src/tim.o
LOAD ./Core/Src/touch.o
LOAD ./Core/Src/uart.o
LOAD ./Core/Src/usart.o
LOAD ./Core/Src/utils.o
LOAD ./Core/Startup/startup_stm32f407zetx.o
LOAD ./Drivers/STM32F4xx_HAL_Driver/Src/stm32f4xx_hal.o
LOAD ./Drivers/STM32F4xx_HAL_Driver/Src/stm32f4xx_hal_adc.o
LOAD ./Drivers/STM32F4xx_HAL_Driver/Src/stm32f4xx_hal_adc_ex.o
LOAD ./Drivers/STM32F4xx_HAL_Driver/Src/stm32f4xx_hal_cortex.o
LOAD ./Drivers/STM32F4xx_HAL_Driver/Src/stm32f4xx_hal_dma.o
LOAD ./Drivers/STM32F4xx_HAL_Driver/Src/stm32f4xx_hal_dma_ex.o
LOAD ./Drivers/STM32F4xx_HAL_Driver/Src/stm32f4xx_hal_exti.o
LOAD ./Drivers/STM32F4xx_HAL_Driver/Src/stm32f4xx_hal_flash.o
LOAD ./Drivers/STM32F4xx_HAL_Driver/Src/stm32f4xx_hal_flash_ex.o
LOAD ./Drivers/STM32F4xx_HAL_Driver/Src/stm32f4xx_hal_flash_ramfunc.o
LOAD ./Drivers/STM32F4xx_HAL_Driver/Src/stm32f4xx_hal_gpio.o
LOAD ./Drivers/STM32F4xx_HAL_Driver/Src/stm32f4xx_hal_i2c.o
LOAD ./Drivers/STM32F4xx_HAL_Driver/Src/stm32f4xx_hal_i2c_ex.o
LOAD ./Drivers/STM32F4xx_HAL_Driver/Src/stm32f4xx_hal_pwr.o
LOAD ./Drivers/STM32F4xx_HAL_Driver/Src/stm32f4xx_hal_pwr_ex.o
LOAD ./Drivers/STM32F4xx_HAL_Driver/Src/stm32f4xx_hal_rcc.o
LOAD ./Drivers/STM32F4xx_HAL_Driver/Src/stm32f4xx_hal_rcc_ex.o
LOAD ./Drivers/STM32F4xx_HAL_Driver/Src/stm32f4xx_hal_spi.o
LOAD ./Drivers/STM32F4xx_HAL_Driver/Src/stm32f4xx_hal_sram.o
LOAD ./Drivers/STM32F4xx_HAL_Driver/Src/stm32f4xx_hal_tim.o
LOAD ./Drivers/STM32F4xx_HAL_Driver/Src/stm32f4xx_hal_tim_ex.o
LOAD ./Drivers/STM32F4xx_HAL_Driver/Src/stm32f4xx_hal_uart.o
LOAD ./Drivers/STM32F4xx_HAL_Driver/Src/stm32f4xx_ll_adc.o
LOAD ./Drivers/STM32F4xx_HAL_Driver/Src/stm32f4xx_ll_fsmc.o
START GROUP
LOAD d:/semester 241/embedded system/stm32 application/stm32cubeide_1.7.0/stm32cubeide/plugins/com.st.stm32cube.ide.mcu.externaltools.gnu-tools-for-stm32.9-2020-q2-update.win32_2.0.0.202105311346/tools/bin/../lib/gcc/arm-none-eabi/9.3.1/../../../../arm-none-eabi/lib/thumb/v7e-m+fp/hard\libc_nano.a
LOAD d:/semester 241/embedded system/stm32 application/stm32cubeide_1.7.0/stm32cubeide/plugins/com.st.stm32cube.ide.mcu.externaltools.gnu-tools-for-stm32.9-2020-q2-update.win32_2.0.0.202105311346/tools/bin/../lib/gcc/arm-none-eabi/9.3.1/../../../../arm-none-eabi/lib/thumb/v7e-m+fp/hard\libm.a
END GROUP
START GROUP
LOAD d:/semester 241/embedded system/stm32 application/stm32cubeide_1.7.0/stm32cubeide/plugins/com.st.stm32cube.ide.mcu.externaltools.gnu-tools-for-stm32.9-2020-q2-update.win32_2.0.0.202105311346/tools/bin/../lib/gcc/arm-none-eabi/9.3.1/thumb/v7e-m+fp/hard\libgcc.a
LOAD d:/semester 241/embedded system/stm32 application/stm32cubeide_1.7.0/stm32cubeide/plugins/com.st.stm32cube.ide.mcu.externaltools.gnu-tools-for-stm32.9-2020-q2-update.win32_2.0.0.202105311346/tools/bin/../lib/gcc/arm-none-eabi/9.3.1/../../../../arm-none-eabi/lib/thumb/v7e-m+fp/hard\libc_nano.a
END GROUP
START GROUP
LOAD d:/semester 241/embedded system/stm32 application/stm32cubeide_1.7.0/stm32cubeide/plugins/com.st.stm32cube.ide.mcu.externaltools.gnu-tools-for-stm32.9-2020-q2-update.win32_2.0.0.202105311346/tools/bin/../lib/gcc/arm-none-eabi/9.3.1/thumb/v7e-m+fp/hard\libgcc.a
LOAD d:/semester 241/embedded system/stm32 application/stm32cubeide_1.7.0/stm32cubeide/plugins/com.st.stm32cube.ide.mcu.externaltools.gnu-tools-for-stm32.9-2020-q2-update.win32_2.0.0.202105311346/tools/bin/../lib/gcc/arm-none-eabi/9.3.1/../../../../arm-none-eabi/lib/thumb/v7e-m+fp/hard\libc_nano.a
LOAD d:/semester 241/embedded system/stm32 application/stm32cubeide_1.7.0/stm32cubeide/plugins/com.st.stm32cube.ide.mcu.externaltools.gnu-tools-for-stm32.9-2020-q2-update.win32_2.0.0.202105311346/tools/bin/../lib/gcc/arm-none-eabi/9.3.1/../../../../arm-none-eabi/lib/thumb/v7e-m+fp/hard\libnosys.a
END GROUP
START GROUP
LOAD d:/semester 241/embedded system/stm32 application/stm32cubeide_1.7.0/stm32cubeide/plugins/com.st.stm32cube.ide.mcu.externaltools.gnu-tools-for-stm32.9-2020-q2-update.win32_2.0.0.202105311346/tools/bin/../lib/gcc/arm-none-eabi/9.3.1/thumb/v7e-m+fp/hard\libgcc.a
LOAD d:/semester 241/embedded system/stm32 application/stm32cubeide_1.7.0/stm32cubeide/plugins/com.st.stm32cube.ide.mcu.externaltools.gnu-tools-for-stm32.9-2020-q2-update.win32_2.0.0.202105311346/tools/bin/../lib/gcc/arm-none-eabi/9.3.1/../../../../arm-none-eabi/lib/thumb/v7e-m+fp/hard\libc_nano.a
LOAD d:/semester 241/embedded system/stm32 application/stm32cubeide_1.7.0/stm32cubeide/plugins/com.st.stm32cube.ide.mcu.externaltools.gnu-tools-for-stm32.9-2020-q2-update.win32_2.0.0.202105311346/tools/bin/../lib/gcc/arm-none-eabi/9.3.1/../../../../arm-none-eabi/lib/thumb/v7e-m+fp/hard\libnosys.a
END GROUP
LOAD d:/semester 241/embedded system/stm32 application/stm32cubeide_1.7.0/stm32cubeide/plugins/com.st.stm32cube.ide.mcu.externaltools.gnu-tools-for-stm32.9-2020-q2-update.win32_2.0.0.202105311346/tools/bin/../lib/gcc/arm-none-eabi/9.3.1/thumb/v7e-m+fp/hard/crtend.o
LOAD d:/semester 241/embedded system/stm32 application/stm32cubeide_1.7.0/stm32cubeide/plugins/com.st.stm32cube.ide.mcu.externaltools.gnu-tools-for-stm32.9-2020-q2-update.win32_2.0.0.202105311346/tools/bin/../lib/gcc/arm-none-eabi/9.3.1/thumb/v7e-m+fp/hard/crtn.o
                0x0000000020020000                _estack = (ORIGIN (RAM) + LENGTH (RAM))
                0x0000000000000200                _Min_Heap_Size = 0x200
                0x0000000000000400                _Min_Stack_Size = 0x400

.isr_vector     0x0000000008000000      0x188
                0x0000000008000000                . = ALIGN (0x4)
 *(.isr_vector)
 .isr_vector    0x0000000008000000      0x188 ./Core/Startup/startup_stm32f407zetx.o
                0x0000000008000000                g_pfnVectors
                0x0000000008000188                . = ALIGN (0x4)

.text           0x0000000008000190     0x8028
                0x0000000008000190                . = ALIGN (0x4)
 *(.text)
 .text          0x0000000008000190       0x40 d:/semester 241/embedded system/stm32 application/stm32cubeide_1.7.0/stm32cubeide/plugins/com.st.stm32cube.ide.mcu.externaltools.gnu-tools-for-stm32.9-2020-q2-update.win32_2.0.0.202105311346/tools/bin/../lib/gcc/arm-none-eabi/9.3.1/thumb/v7e-m+fp/hard/crtbegin.o
 .text          0x00000000080001d0       0xa0 d:/semester 241/embedded system/stm32 application/stm32cubeide_1.7.0/stm32cubeide/plugins/com.st.stm32cube.ide.mcu.externaltools.gnu-tools-for-stm32.9-2020-q2-update.win32_2.0.0.202105311346/tools/bin/../lib/gcc/arm-none-eabi/9.3.1/../../../../arm-none-eabi/lib/thumb/v7e-m+fp/hard\libc_nano.a(lib_a-memchr.o)
                0x00000000080001d0                memchr
 .text          0x0000000008000270      0x378 d:/semester 241/embedded system/stm32 application/stm32cubeide_1.7.0/stm32cubeide/plugins/com.st.stm32cube.ide.mcu.externaltools.gnu-tools-for-stm32.9-2020-q2-update.win32_2.0.0.202105311346/tools/bin/../lib/gcc/arm-none-eabi/9.3.1/thumb/v7e-m+fp/hard\libgcc.a(_arm_addsubdf3.o)
                0x0000000008000270                __aeabi_drsub
                0x0000000008000278                __aeabi_dsub
                0x0000000008000278                __subdf3
                0x000000000800027c                __aeabi_dadd
                0x000000000800027c                __adddf3
                0x00000000080004f4                __floatunsidf
                0x00000000080004f4                __aeabi_ui2d
                0x0000000008000514                __floatsidf
                0x0000000008000514                __aeabi_i2d
                0x0000000008000538                __aeabi_f2d
                0x0000000008000538                __extendsfdf2
                0x000000000800057c                __floatundidf
                0x000000000800057c                __aeabi_ul2d
                0x000000000800058c                __floatdidf
                0x000000000800058c                __aeabi_l2d
 .text          0x00000000080005e8      0x424 d:/semester 241/embedded system/stm32 application/stm32cubeide_1.7.0/stm32cubeide/plugins/com.st.stm32cube.ide.mcu.externaltools.gnu-tools-for-stm32.9-2020-q2-update.win32_2.0.0.202105311346/tools/bin/../lib/gcc/arm-none-eabi/9.3.1/thumb/v7e-m+fp/hard\libgcc.a(_arm_muldivdf3.o)
                0x00000000080005e8                __aeabi_dmul
                0x00000000080005e8                __muldf3
                0x000000000800083c                __divdf3
                0x000000000800083c                __aeabi_ddiv
 .text          0x0000000008000a0c       0x40 d:/semester 241/embedded system/stm32 application/stm32cubeide_1.7.0/stm32cubeide/plugins/com.st.stm32cube.ide.mcu.externaltools.gnu-tools-for-stm32.9-2020-q2-update.win32_2.0.0.202105311346/tools/bin/../lib/gcc/arm-none-eabi/9.3.1/thumb/v7e-m+fp/hard\libgcc.a(_arm_fixunsdfsi.o)
                0x0000000008000a0c                __aeabi_d2uiz
                0x0000000008000a0c                __fixunsdfsi
 .text          0x0000000008000a4c       0x30 d:/semester 241/embedded system/stm32 application/stm32cubeide_1.7.0/stm32cubeide/plugins/com.st.stm32cube.ide.mcu.externaltools.gnu-tools-for-stm32.9-2020-q2-update.win32_2.0.0.202105311346/tools/bin/../lib/gcc/arm-none-eabi/9.3.1/thumb/v7e-m+fp/hard\libgcc.a(_aeabi_uldivmod.o)
                0x0000000008000a4c                __aeabi_uldivmod
 .text          0x0000000008000a7c      0x2c4 d:/semester 241/embedded system/stm32 application/stm32cubeide_1.7.0/stm32cubeide/plugins/com.st.stm32cube.ide.mcu.externaltools.gnu-tools-for-stm32.9-2020-q2-update.win32_2.0.0.202105311346/tools/bin/../lib/gcc/arm-none-eabi/9.3.1/thumb/v7e-m+fp/hard\libgcc.a(_udivmoddi4.o)
                0x0000000008000a7c                __udivmoddi4
 .text          0x0000000008000d40        0x4 d:/semester 241/embedded system/stm32 application/stm32cubeide_1.7.0/stm32cubeide/plugins/com.st.stm32cube.ide.mcu.externaltools.gnu-tools-for-stm32.9-2020-q2-update.win32_2.0.0.202105311346/tools/bin/../lib/gcc/arm-none-eabi/9.3.1/thumb/v7e-m+fp/hard\libgcc.a(_dvmd_tls.o)
                0x0000000008000d40                __aeabi_idiv0
                0x0000000008000d40                __aeabi_ldiv0
 *(.text*)
 .text.MX_ADC1_Init
                0x0000000008000d44      0x114 ./Core/Src/adc.o
                0x0000000008000d44                MX_ADC1_Init
 .text.HAL_ADC_MspInit
                0x0000000008000e58      0x128 ./Core/Src/adc.o
                0x0000000008000e58                HAL_ADC_MspInit
 .text.button_init
                0x0000000008000f80       0x18 ./Core/Src/button.o
                0x0000000008000f80                button_init
 .text.button_Scan
                0x0000000008000f98       0xd8 ./Core/Src/button.o
                0x0000000008000f98                button_Scan
 .text.reverse  0x0000000008001070       0x5e ./Core/Src/control.o
 *fill*         0x00000000080010ce        0x2 
 .text.intToStr
                0x00000000080010d0       0x90 ./Core/Src/control.o
 .text.ftoa     0x0000000008001160       0x84 ./Core/Src/control.o
                0x0000000008001160                ftoa
 .text.send_data
                0x00000000080011e4       0x2c ./Core/Src/control.o
                0x00000000080011e4                send_data
 .text.lightProcess
                0x0000000008001210       0x6c ./Core/Src/control.o
                0x0000000008001210                lightProcess
 .text.test_Esp
                0x000000000800127c       0x44 ./Core/Src/control.o
                0x000000000800127c                test_Esp
 .text.MX_DMA_Init
                0x00000000080012c0       0x40 ./Core/Src/dma.o
                0x00000000080012c0                MX_DMA_Init
 .text.MX_FSMC_Init
                0x0000000008001300       0xf4 ./Core/Src/fsmc.o
                0x0000000008001300                MX_FSMC_Init
 .text.HAL_FSMC_MspInit
                0x00000000080013f4       0x98 ./Core/Src/fsmc.o
 .text.HAL_SRAM_MspInit
                0x000000000800148c       0x14 ./Core/Src/fsmc.o
                0x000000000800148c                HAL_SRAM_MspInit
 .text.MX_GPIO_Init
                0x00000000080014a0      0x274 ./Core/Src/gpio.o
                0x00000000080014a0                MX_GPIO_Init
 .text.MX_I2C1_Init
                0x0000000008001714       0x5c ./Core/Src/i2c.o
                0x0000000008001714                MX_I2C1_Init
 .text.HAL_I2C_MspInit
                0x0000000008001770       0x90 ./Core/Src/i2c.o
                0x0000000008001770                HAL_I2C_MspInit
 .text.LCD_WR_REG
                0x0000000008001800       0x20 ./Core/Src/lcd.o
                0x0000000008001800                LCD_WR_REG
 .text.LCD_WR_DATA
                0x0000000008001820       0x20 ./Core/Src/lcd.o
 .text.LCD_RD_DATA
                0x0000000008001840       0x24 ./Core/Src/lcd.o
 .text.lcd_AddressSet
                0x0000000008001864       0x98 ./Core/Src/lcd.o
                0x0000000008001864                lcd_AddressSet
 .text.lcd_Clear
                0x00000000080018fc       0x64 ./Core/Src/lcd.o
                0x00000000080018fc                lcd_Clear
 .text.lcd_DrawPoint
                0x0000000008001960       0x2e ./Core/Src/lcd.o
                0x0000000008001960                lcd_DrawPoint
 *fill*         0x000000000800198e        0x2 
 .text.lcd_ShowChar
                0x0000000008001990      0x1a0 ./Core/Src/lcd.o
                0x0000000008001990                lcd_ShowChar
 .text.mypow    0x0000000008001b30       0x38 ./Core/Src/lcd.o
                0x0000000008001b30                mypow
 .text.lcd_ShowFloatNum
                0x0000000008001b68      0x110 ./Core/Src/lcd.o
                0x0000000008001b68                lcd_ShowFloatNum
 .text.lcd_SetDir
                0x0000000008001c78       0x48 ./Core/Src/lcd.o
                0x0000000008001c78                lcd_SetDir
 .text.lcd_init
                0x0000000008001cc0      0x2c0 ./Core/Src/lcd.o
                0x0000000008001cc0                lcd_init
 .text.lcd_ShowStr
                0x0000000008001f80       0xc8 ./Core/Src/lcd.o
                0x0000000008001f80                lcd_ShowStr
 .text.main     0x0000000008002048       0x42 ./Core/Src/main.o
                0x0000000008002048                main
 *fill*         0x000000000800208a        0x2 
 .text.SystemClock_Config
                0x000000000800208c       0xd4 ./Core/Src/main.o
                0x000000000800208c                SystemClock_Config
 .text.Error_Handler
                0x0000000008002160        0xa ./Core/Src/main.o
                0x0000000008002160                Error_Handler
 *fill*         0x000000000800216a        0x2 
 .text.sensor_GetTemperature
                0x000000000800216c       0x3c ./Core/Src/sensor.o
 .text.sensor_init
                0x00000000080021a8       0x1c ./Core/Src/sensor.o
                0x00000000080021a8                sensor_init
 .text.sensor_Read
                0x00000000080021c4       0x1c ./Core/Src/sensor.o
                0x00000000080021c4                sensor_Read
 .text.sensor_CalTemperature
                0x00000000080021e0       0x54 ./Core/Src/sensor.o
                0x00000000080021e0                sensor_CalTemperature
 .text.sensor_result
                0x0000000008002234       0x38 ./Core/Src/sensor.o
                0x0000000008002234                sensor_result
 .text.HAL_TIM_PeriodElapsedCallback
                0x000000000800226c       0x14 ./Core/Src/software_timer.o
                0x000000000800226c                HAL_TIM_PeriodElapsedCallback
 .text.set_timer
                0x0000000008002280       0x58 ./Core/Src/software_timer.o
                0x0000000008002280                set_timer
 .text.run_timer
                0x00000000080022d8       0x64 ./Core/Src/software_timer.o
                0x00000000080022d8                run_timer
 .text.is_timer_on
                0x000000000800233c       0x2c ./Core/Src/software_timer.o
                0x000000000800233c                is_timer_on
 .text.MX_SPI1_Init
                0x0000000008002368       0x6c ./Core/Src/spi.o
                0x0000000008002368                MX_SPI1_Init
 .text.HAL_SPI_MspInit
                0x00000000080023d4       0x90 ./Core/Src/spi.o
                0x00000000080023d4                HAL_SPI_MspInit
 .text.HAL_MspInit
                0x0000000008002464       0x50 ./Core/Src/stm32f4xx_hal_msp.o
                0x0000000008002464                HAL_MspInit
 .text.NMI_Handler
                0x00000000080024b4        0x6 ./Core/Src/stm32f4xx_it.o
                0x00000000080024b4                NMI_Handler
 .text.HardFault_Handler
                0x00000000080024ba        0x6 ./Core/Src/stm32f4xx_it.o
                0x00000000080024ba                HardFault_Handler
 .text.MemManage_Handler
                0x00000000080024c0        0x6 ./Core/Src/stm32f4xx_it.o
                0x00000000080024c0                MemManage_Handler
 .text.BusFault_Handler
                0x00000000080024c6        0x6 ./Core/Src/stm32f4xx_it.o
                0x00000000080024c6                BusFault_Handler
 .text.UsageFault_Handler
                0x00000000080024cc        0x6 ./Core/Src/stm32f4xx_it.o
                0x00000000080024cc                UsageFault_Handler
 .text.SVC_Handler
                0x00000000080024d2        0xe ./Core/Src/stm32f4xx_it.o
                0x00000000080024d2                SVC_Handler
 .text.DebugMon_Handler
                0x00000000080024e0        0xe ./Core/Src/stm32f4xx_it.o
                0x00000000080024e0                DebugMon_Handler
 .text.PendSV_Handler
                0x00000000080024ee        0xe ./Core/Src/stm32f4xx_it.o
                0x00000000080024ee                PendSV_Handler
 .text.SysTick_Handler
                0x00000000080024fc        0xc ./Core/Src/stm32f4xx_it.o
                0x00000000080024fc                SysTick_Handler
 .text.TIM2_IRQHandler
                0x0000000008002508       0x14 ./Core/Src/stm32f4xx_it.o
                0x0000000008002508                TIM2_IRQHandler
 .text.USART1_IRQHandler
                0x000000000800251c       0x14 ./Core/Src/stm32f4xx_it.o
                0x000000000800251c                USART1_IRQHandler
 .text.USART2_IRQHandler
                0x0000000008002530       0x14 ./Core/Src/stm32f4xx_it.o
                0x0000000008002530                USART2_IRQHandler
 .text.DMA2_Stream0_IRQHandler
                0x0000000008002544       0x14 ./Core/Src/stm32f4xx_it.o
                0x0000000008002544                DMA2_Stream0_IRQHandler
 .text._sbrk    0x0000000008002558       0x6c ./Core/Src/sysmem.o
                0x0000000008002558                _sbrk
 .text.system_init
                0x00000000080025c4       0x64 ./Core/Src/system.o
                0x00000000080025c4                system_init
 .text.system_loop
                0x0000000008002628       0xdc ./Core/Src/system.o
                0x0000000008002628                system_loop
 .text.SystemInit
                0x0000000008002704       0x24 ./Core/Src/system_stm32f4xx.o
                0x0000000008002704                SystemInit
 .text.MX_TIM1_Init
                0x0000000008002728       0xa0 ./Core/Src/tim.o
                0x0000000008002728                MX_TIM1_Init
 .text.MX_TIM2_Init
                0x00000000080027c8       0x98 ./Core/Src/tim.o
                0x00000000080027c8                MX_TIM2_Init
 .text.MX_TIM13_Init
                0x0000000008002860       0x9c ./Core/Src/tim.o
                0x0000000008002860                MX_TIM13_Init
 .text.HAL_TIM_Base_MspInit
                0x00000000080028fc       0xa4 ./Core/Src/tim.o
                0x00000000080028fc                HAL_TIM_Base_MspInit
 .text.HAL_TIM_MspPostInit
                0x00000000080029a0       0x74 ./Core/Src/tim.o
                0x00000000080029a0                HAL_TIM_MspPostInit
 .text.uart_init_esp
                0x0000000008002a14       0x2c ./Core/Src/uart.o
                0x0000000008002a14                uart_init_esp
 .text.uart_EspSendBytes
                0x0000000008002a40       0x24 ./Core/Src/uart.o
                0x0000000008002a40                uart_EspSendBytes
 .text.uart_EspSendString
                0x0000000008002a64       0x34 ./Core/Src/uart.o
                0x0000000008002a64                uart_EspSendString
 .text.HAL_UART_RxCpltCallback
                0x0000000008002a98       0x94 ./Core/Src/uart.o
                0x0000000008002a98                HAL_UART_RxCpltCallback
 .text.uart_EspCheck
                0x0000000008002b2c       0x20 ./Core/Src/uart.o
                0x0000000008002b2c                uart_EspCheck
 .text.MX_USART1_UART_Init
                0x0000000008002b4c       0x54 ./Core/Src/usart.o
                0x0000000008002b4c                MX_USART1_UART_Init
 .text.MX_USART2_UART_Init
                0x0000000008002ba0       0x54 ./Core/Src/usart.o
                0x0000000008002ba0                MX_USART2_UART_Init
 .text.HAL_UART_MspInit
                0x0000000008002bf4      0x118 ./Core/Src/usart.o
                0x0000000008002bf4                HAL_UART_MspInit
 .text.Reset_Handler
                0x0000000008002d0c       0x50 ./Core/Startup/startup_stm32f407zetx.o
                0x0000000008002d0c                Reset_Handler
 .text.Default_Handler
                0x0000000008002d5c        0x2 ./Core/Startup/startup_stm32f407zetx.o
                0x0000000008002d5c                RTC_Alarm_IRQHandler
                0x0000000008002d5c                HASH_RNG_IRQHandler
                0x0000000008002d5c                EXTI2_IRQHandler
                0x0000000008002d5c                TIM8_CC_IRQHandler
                0x0000000008002d5c                TIM1_CC_IRQHandler
                0x0000000008002d5c                DMA2_Stream5_IRQHandler
                0x0000000008002d5c                DMA1_Stream5_IRQHandler
                0x0000000008002d5c                PVD_IRQHandler
                0x0000000008002d5c                SDIO_IRQHandler
                0x0000000008002d5c                TAMP_STAMP_IRQHandler
                0x0000000008002d5c                CAN2_RX1_IRQHandler
                0x0000000008002d5c                EXTI3_IRQHandler
                0x0000000008002d5c                TIM8_TRG_COM_TIM14_IRQHandler
                0x0000000008002d5c                TIM1_UP_TIM10_IRQHandler
                0x0000000008002d5c                TIM8_UP_TIM13_IRQHandler
                0x0000000008002d5c                I2C3_ER_IRQHandler
                0x0000000008002d5c                EXTI0_IRQHandler
                0x0000000008002d5c                I2C2_EV_IRQHandler
                0x0000000008002d5c                DMA1_Stream2_IRQHandler
                0x0000000008002d5c                CAN1_RX0_IRQHandler
                0x0000000008002d5c                FPU_IRQHandler
                0x0000000008002d5c                OTG_HS_WKUP_IRQHandler
                0x0000000008002d5c                CAN2_SCE_IRQHandler
                0x0000000008002d5c                DMA2_Stream2_IRQHandler
                0x0000000008002d5c                SPI1_IRQHandler
                0x0000000008002d5c                TIM6_DAC_IRQHandler
                0x0000000008002d5c                TIM1_BRK_TIM9_IRQHandler
                0x0000000008002d5c                DCMI_IRQHandler
                0x0000000008002d5c                CAN2_RX0_IRQHandler
                0x0000000008002d5c                DMA2_Stream3_IRQHandler
                0x0000000008002d5c                USART6_IRQHandler
                0x0000000008002d5c                USART3_IRQHandler
                0x0000000008002d5c                CAN1_RX1_IRQHandler
                0x0000000008002d5c                UART5_IRQHandler
                0x0000000008002d5c                TIM4_IRQHandler
                0x0000000008002d5c                I2C1_EV_IRQHandler
                0x0000000008002d5c                DMA1_Stream6_IRQHandler
                0x0000000008002d5c                DMA1_Stream1_IRQHandler
                0x0000000008002d5c                UART4_IRQHandler
                0x0000000008002d5c                TIM3_IRQHandler
                0x0000000008002d5c                RCC_IRQHandler
                0x0000000008002d5c                TIM8_BRK_TIM12_IRQHandler
                0x0000000008002d5c                Default_Handler
                0x0000000008002d5c                EXTI15_10_IRQHandler
                0x0000000008002d5c                ADC_IRQHandler
                0x0000000008002d5c                DMA1_Stream7_IRQHandler
                0x0000000008002d5c                TIM7_IRQHandler
                0x0000000008002d5c                CAN2_TX_IRQHandler
                0x0000000008002d5c                TIM5_IRQHandler
                0x0000000008002d5c                DMA2_Stream7_IRQHandler
                0x0000000008002d5c                I2C3_EV_IRQHandler
                0x0000000008002d5c                EXTI9_5_IRQHandler
                0x0000000008002d5c                RTC_WKUP_IRQHandler
                0x0000000008002d5c                ETH_WKUP_IRQHandler
                0x0000000008002d5c                SPI2_IRQHandler
                0x0000000008002d5c                OTG_HS_EP1_IN_IRQHandler
                0x0000000008002d5c                DMA1_Stream0_IRQHandler
                0x0000000008002d5c                CAN1_TX_IRQHandler
                0x0000000008002d5c                EXTI4_IRQHandler
                0x0000000008002d5c                FSMC_IRQHandler
                0x0000000008002d5c                ETH_IRQHandler
                0x0000000008002d5c                OTG_HS_EP1_OUT_IRQHandler
                0x0000000008002d5c                WWDG_IRQHandler
                0x0000000008002d5c                OTG_FS_WKUP_IRQHandler
                0x0000000008002d5c                TIM1_TRG_COM_TIM11_IRQHandler
                0x0000000008002d5c                OTG_HS_IRQHandler
                0x0000000008002d5c                EXTI1_IRQHandler
                0x0000000008002d5c                I2C2_ER_IRQHandler
                0x0000000008002d5c                DMA2_Stream1_IRQHandler
                0x0000000008002d5c                CAN1_SCE_IRQHandler
                0x0000000008002d5c                FLASH_IRQHandler
                0x0000000008002d5c                DMA2_Stream4_IRQHandler
                0x0000000008002d5c                OTG_FS_IRQHandler
                0x0000000008002d5c                SPI3_IRQHandler
                0x0000000008002d5c                DMA1_Stream4_IRQHandler
                0x0000000008002d5c                I2C1_ER_IRQHandler
                0x0000000008002d5c                DMA2_Stream6_IRQHandler
                0x0000000008002d5c                DMA1_Stream3_IRQHandler
 *fill*         0x0000000008002d5e        0x2 
 .text.HAL_Init
                0x0000000008002d60       0x44 ./Drivers/STM32F4xx_HAL_Driver/Src/stm32f4xx_hal.o
                0x0000000008002d60                HAL_Init
 .text.HAL_InitTick
                0x0000000008002da4       0x60 ./Drivers/STM32F4xx_HAL_Driver/Src/stm32f4xx_hal.o
                0x0000000008002da4                HAL_InitTick
 .text.HAL_IncTick
                0x0000000008002e04       0x28 ./Drivers/STM32F4xx_HAL_Driver/Src/stm32f4xx_hal.o
                0x0000000008002e04                HAL_IncTick
 .text.HAL_GetTick
                0x0000000008002e2c       0x18 ./Drivers/STM32F4xx_HAL_Driver/Src/stm32f4xx_hal.o
                0x0000000008002e2c                HAL_GetTick
 .text.HAL_Delay
                0x0000000008002e44       0x48 ./Drivers/STM32F4xx_HAL_Driver/Src/stm32f4xx_hal.o
                0x0000000008002e44                HAL_Delay
 .text.HAL_ADC_Init
                0x0000000008002e8c       0x86 ./Drivers/STM32F4xx_HAL_Driver/Src/stm32f4xx_hal_adc.o
                0x0000000008002e8c                HAL_ADC_Init
 *fill*         0x0000000008002f12        0x2 
 .text.HAL_ADC_Start_DMA
                0x0000000008002f14      0x220 ./Drivers/STM32F4xx_HAL_Driver/Src/stm32f4xx_hal_adc.o
                0x0000000008002f14                HAL_ADC_Start_DMA
 .text.HAL_ADC_ConvCpltCallback
                0x0000000008003134       0x14 ./Drivers/STM32F4xx_HAL_Driver/Src/stm32f4xx_hal_adc.o
                0x0000000008003134                HAL_ADC_ConvCpltCallback
 .text.HAL_ADC_ConvHalfCpltCallback
                0x0000000008003148       0x14 ./Drivers/STM32F4xx_HAL_Driver/Src/stm32f4xx_hal_adc.o
                0x0000000008003148                HAL_ADC_ConvHalfCpltCallback
 .text.HAL_ADC_ErrorCallback
                0x000000000800315c       0x14 ./Drivers/STM32F4xx_HAL_Driver/Src/stm32f4xx_hal_adc.o
                0x000000000800315c                HAL_ADC_ErrorCallback
 .text.HAL_ADC_ConfigChannel
                0x0000000008003170      0x244 ./Drivers/STM32F4xx_HAL_Driver/Src/stm32f4xx_hal_adc.o
                0x0000000008003170                HAL_ADC_ConfigChannel
 .text.ADC_Init
                0x00000000080033b4      0x1f8 ./Drivers/STM32F4xx_HAL_Driver/Src/stm32f4xx_hal_adc.o
 .text.ADC_DMAConvCplt
                0x00000000080035ac       0xba ./Drivers/STM32F4xx_HAL_Driver/Src/stm32f4xx_hal_adc.o
 .text.ADC_DMAHalfConvCplt
                0x0000000008003666       0x1c ./Drivers/STM32F4xx_HAL_Driver/Src/stm32f4xx_hal_adc.o
 .text.ADC_DMAError
                0x0000000008003682       0x2e ./Drivers/STM32F4xx_HAL_Driver/Src/stm32f4xx_hal_adc.o
 .text.__NVIC_SetPriorityGrouping
                0x00000000080036b0       0x48 ./Drivers/STM32F4xx_HAL_Driver/Src/stm32f4xx_hal_cortex.o
 .text.__NVIC_GetPriorityGrouping
                0x00000000080036f8       0x1c ./Drivers/STM32F4xx_HAL_Driver/Src/stm32f4xx_hal_cortex.o
 .text.__NVIC_EnableIRQ
                0x0000000008003714       0x3c ./Drivers/STM32F4xx_HAL_Driver/Src/stm32f4xx_hal_cortex.o
 .text.__NVIC_SetPriority
                0x0000000008003750       0x54 ./Drivers/STM32F4xx_HAL_Driver/Src/stm32f4xx_hal_cortex.o
 .text.NVIC_EncodePriority
                0x00000000080037a4       0x66 ./Drivers/STM32F4xx_HAL_Driver/Src/stm32f4xx_hal_cortex.o
 *fill*         0x000000000800380a        0x2 
 .text.SysTick_Config
                0x000000000800380c       0x44 ./Drivers/STM32F4xx_HAL_Driver/Src/stm32f4xx_hal_cortex.o
 .text.HAL_NVIC_SetPriorityGrouping
                0x0000000008003850       0x16 ./Drivers/STM32F4xx_HAL_Driver/Src/stm32f4xx_hal_cortex.o
                0x0000000008003850                HAL_NVIC_SetPriorityGrouping
 .text.HAL_NVIC_SetPriority
                0x0000000008003866       0x38 ./Drivers/STM32F4xx_HAL_Driver/Src/stm32f4xx_hal_cortex.o
                0x0000000008003866                HAL_NVIC_SetPriority
 .text.HAL_NVIC_EnableIRQ
                0x000000000800389e       0x1c ./Drivers/STM32F4xx_HAL_Driver/Src/stm32f4xx_hal_cortex.o
                0x000000000800389e                HAL_NVIC_EnableIRQ
 .text.HAL_SYSTICK_Config
                0x00000000080038ba       0x18 ./Drivers/STM32F4xx_HAL_Driver/Src/stm32f4xx_hal_cortex.o
                0x00000000080038ba                HAL_SYSTICK_Config
 *fill*         0x00000000080038d2        0x2 
 .text.HAL_DMA_Init
                0x00000000080038d4      0x15c ./Drivers/STM32F4xx_HAL_Driver/Src/stm32f4xx_hal_dma.o
                0x00000000080038d4                HAL_DMA_Init
 .text.HAL_DMA_Start_IT
                0x0000000008003a30       0xb0 ./Drivers/STM32F4xx_HAL_Driver/Src/stm32f4xx_hal_dma.o
                0x0000000008003a30                HAL_DMA_Start_IT
 .text.HAL_DMA_Abort
                0x0000000008003ae0       0xe0 ./Drivers/STM32F4xx_HAL_Driver/Src/stm32f4xx_hal_dma.o
                0x0000000008003ae0                HAL_DMA_Abort
 .text.HAL_DMA_Abort_IT
                0x0000000008003bc0       0x44 ./Drivers/STM32F4xx_HAL_Driver/Src/stm32f4xx_hal_dma.o
                0x0000000008003bc0                HAL_DMA_Abort_IT
 .text.HAL_DMA_IRQHandler
                0x0000000008003c04      0x314 ./Drivers/STM32F4xx_HAL_Driver/Src/stm32f4xx_hal_dma.o
                0x0000000008003c04                HAL_DMA_IRQHandler
 .text.DMA_SetConfig
                0x0000000008003f18       0x5c ./Drivers/STM32F4xx_HAL_Driver/Src/stm32f4xx_hal_dma.o
 .text.DMA_CalcBaseAndBitshift
                0x0000000008003f74       0x6c ./Drivers/STM32F4xx_HAL_Driver/Src/stm32f4xx_hal_dma.o
 .text.DMA_CheckFifoParam
                0x0000000008003fe0       0xf8 ./Drivers/STM32F4xx_HAL_Driver/Src/stm32f4xx_hal_dma.o
 .text.HAL_GPIO_Init
                0x00000000080040d8      0x338 ./Drivers/STM32F4xx_HAL_Driver/Src/stm32f4xx_hal_gpio.o
                0x00000000080040d8                HAL_GPIO_Init
 .text.HAL_GPIO_WritePin
                0x0000000008004410       0x32 ./Drivers/STM32F4xx_HAL_Driver/Src/stm32f4xx_hal_gpio.o
                0x0000000008004410                HAL_GPIO_WritePin
 *fill*         0x0000000008004442        0x2 
 .text.HAL_I2C_Init
                0x0000000008004444      0x288 ./Drivers/STM32F4xx_HAL_Driver/Src/stm32f4xx_hal_i2c.o
                0x0000000008004444                HAL_I2C_Init
 .text.HAL_RCC_OscConfig
                0x00000000080046cc      0x4f0 ./Drivers/STM32F4xx_HAL_Driver/Src/stm32f4xx_hal_rcc.o
                0x00000000080046cc                HAL_RCC_OscConfig
 .text.HAL_RCC_ClockConfig
                0x0000000008004bbc      0x1cc ./Drivers/STM32F4xx_HAL_Driver/Src/stm32f4xx_hal_rcc.o
                0x0000000008004bbc                HAL_RCC_ClockConfig
 .text.HAL_RCC_GetSysClockFreq
                0x0000000008004d88      0x1c4 ./Drivers/STM32F4xx_HAL_Driver/Src/stm32f4xx_hal_rcc.o
                0x0000000008004d88                HAL_RCC_GetSysClockFreq
 .text.HAL_RCC_GetHCLKFreq
                0x0000000008004f4c       0x18 ./Drivers/STM32F4xx_HAL_Driver/Src/stm32f4xx_hal_rcc.o
                0x0000000008004f4c                HAL_RCC_GetHCLKFreq
 .text.HAL_RCC_GetPCLK1Freq
                0x0000000008004f64       0x28 ./Drivers/STM32F4xx_HAL_Driver/Src/stm32f4xx_hal_rcc.o
                0x0000000008004f64                HAL_RCC_GetPCLK1Freq
 .text.HAL_RCC_GetPCLK2Freq
                0x0000000008004f8c       0x28 ./Drivers/STM32F4xx_HAL_Driver/Src/stm32f4xx_hal_rcc.o
                0x0000000008004f8c                HAL_RCC_GetPCLK2Freq
 .text.HAL_SPI_Init
                0x0000000008004fb4      0x112 ./Drivers/STM32F4xx_HAL_Driver/Src/stm32f4xx_hal_spi.o
                0x0000000008004fb4                HAL_SPI_Init
 .text.HAL_SPI_Receive
                0x00000000080050c6      0x222 ./Drivers/STM32F4xx_HAL_Driver/Src/stm32f4xx_hal_spi.o
                0x00000000080050c6                HAL_SPI_Receive
 .text.HAL_SPI_TransmitReceive
                0x00000000080052e8      0x344 ./Drivers/STM32F4xx_HAL_Driver/Src/stm32f4xx_hal_spi.o
                0x00000000080052e8                HAL_SPI_TransmitReceive
 .text.SPI_WaitFlagStateUntilTimeout
                0x000000000800562c      0x110 ./Drivers/STM32F4xx_HAL_Driver/Src/stm32f4xx_hal_spi.o
 .text.SPI_EndRxTransaction
                0x000000000800573c       0xca ./Drivers/STM32F4xx_HAL_Driver/Src/stm32f4xx_hal_spi.o
 *fill*         0x0000000008005806        0x2 
 .text.SPI_EndRxTxTransaction
                0x0000000008005808       0x84 ./Drivers/STM32F4xx_HAL_Driver/Src/stm32f4xx_hal_spi.o
 .text.HAL_SRAM_Init
                0x000000000800588c       0x88 ./Drivers/STM32F4xx_HAL_Driver/Src/stm32f4xx_hal_sram.o
                0x000000000800588c                HAL_SRAM_Init
 .text.HAL_TIM_Base_Init
                0x0000000008005914       0x9e ./Drivers/STM32F4xx_HAL_Driver/Src/stm32f4xx_hal_tim.o
                0x0000000008005914                HAL_TIM_Base_Init
 *fill*         0x00000000080059b2        0x2 
 .text.HAL_TIM_Base_Start_IT
                0x00000000080059b4       0xe0 ./Drivers/STM32F4xx_HAL_Driver/Src/stm32f4xx_hal_tim.o
                0x00000000080059b4                HAL_TIM_Base_Start_IT
 .text.HAL_TIM_PWM_Init
                0x0000000008005a94       0x9e ./Drivers/STM32F4xx_HAL_Driver/Src/stm32f4xx_hal_tim.o
                0x0000000008005a94                HAL_TIM_PWM_Init
 .text.HAL_TIM_PWM_MspInit
                0x0000000008005b32       0x14 ./Drivers/STM32F4xx_HAL_Driver/Src/stm32f4xx_hal_tim.o
                0x0000000008005b32                HAL_TIM_PWM_MspInit
 .text.HAL_TIM_IRQHandler
                0x0000000008005b46      0x210 ./Drivers/STM32F4xx_HAL_Driver/Src/stm32f4xx_hal_tim.o
                0x0000000008005b46                HAL_TIM_IRQHandler
 *fill*         0x0000000008005d56        0x2 
 .text.HAL_TIM_PWM_ConfigChannel
                0x0000000008005d58      0x184 ./Drivers/STM32F4xx_HAL_Driver/Src/stm32f4xx_hal_tim.o
                0x0000000008005d58                HAL_TIM_PWM_ConfigChannel
 .text.HAL_TIM_ConfigClockSource
                0x0000000008005edc      0x18e ./Drivers/STM32F4xx_HAL_Driver/Src/stm32f4xx_hal_tim.o
                0x0000000008005edc                HAL_TIM_ConfigClockSource
 .text.HAL_TIM_OC_DelayElapsedCallback
                0x000000000800606a       0x14 ./Drivers/STM32F4xx_HAL_Driver/Src/stm32f4xx_hal_tim.o
                0x000000000800606a                HAL_TIM_OC_DelayElapsedCallback
 .text.HAL_TIM_IC_CaptureCallback
                0x000000000800607e       0x14 ./Drivers/STM32F4xx_HAL_Driver/Src/stm32f4xx_hal_tim.o
                0x000000000800607e                HAL_TIM_IC_CaptureCallback
 .text.HAL_TIM_PWM_PulseFinishedCallback
                0x0000000008006092       0x14 ./Drivers/STM32F4xx_HAL_Driver/Src/stm32f4xx_hal_tim.o
                0x0000000008006092                HAL_TIM_PWM_PulseFinishedCallback
 .text.HAL_TIM_TriggerCallback
                0x00000000080060a6       0x14 ./Drivers/STM32F4xx_HAL_Driver/Src/stm32f4xx_hal_tim.o
                0x00000000080060a6                HAL_TIM_TriggerCallback
 *fill*         0x00000000080060ba        0x2 
 .text.TIM_Base_SetConfig
                0x00000000080060bc      0x140 ./Drivers/STM32F4xx_HAL_Driver/Src/stm32f4xx_hal_tim.o
                0x00000000080060bc                TIM_Base_SetConfig
 .text.TIM_OC1_SetConfig
                0x00000000080061fc       0xe0 ./Drivers/STM32F4xx_HAL_Driver/Src/stm32f4xx_hal_tim.o
 .text.TIM_OC2_SetConfig
                0x00000000080062dc       0xec ./Drivers/STM32F4xx_HAL_Driver/Src/stm32f4xx_hal_tim.o
                0x00000000080062dc                TIM_OC2_SetConfig
 .text.TIM_OC3_SetConfig
                0x00000000080063c8       0xe8 ./Drivers/STM32F4xx_HAL_Driver/Src/stm32f4xx_hal_tim.o
 .text.TIM_OC4_SetConfig
                0x00000000080064b0       0xac ./Drivers/STM32F4xx_HAL_Driver/Src/stm32f4xx_hal_tim.o
 .text.TIM_TI1_ConfigInputStage
                0x000000000800655c       0x5e ./Drivers/STM32F4xx_HAL_Driver/Src/stm32f4xx_hal_tim.o
 .text.TIM_TI2_ConfigInputStage
                0x00000000080065ba       0x60 ./Drivers/STM32F4xx_HAL_Driver/Src/stm32f4xx_hal_tim.o
 .text.TIM_ITRx_SetConfig
                0x000000000800661a       0x36 ./Drivers/STM32F4xx_HAL_Driver/Src/stm32f4xx_hal_tim.o
 .text.TIM_ETR_SetConfig
                0x0000000008006650       0x40 ./Drivers/STM32F4xx_HAL_Driver/Src/stm32f4xx_hal_tim.o
                0x0000000008006650                TIM_ETR_SetConfig
 .text.HAL_TIMEx_MasterConfigSynchronization
                0x0000000008006690       0xf8 ./Drivers/STM32F4xx_HAL_Driver/Src/stm32f4xx_hal_tim_ex.o
                0x0000000008006690                HAL_TIMEx_MasterConfigSynchronization
 .text.HAL_TIMEx_CommutCallback
                0x0000000008006788       0x14 ./Drivers/STM32F4xx_HAL_Driver/Src/stm32f4xx_hal_tim_ex.o
                0x0000000008006788                HAL_TIMEx_CommutCallback
 .text.HAL_TIMEx_BreakCallback
                0x000000000800679c       0x14 ./Drivers/STM32F4xx_HAL_Driver/Src/stm32f4xx_hal_tim_ex.o
                0x000000000800679c                HAL_TIMEx_BreakCallback
 .text.HAL_UART_Init
                0x00000000080067b0       0x9a ./Drivers/STM32F4xx_HAL_Driver/Src/stm32f4xx_hal_uart.o
                0x00000000080067b0                HAL_UART_Init
 .text.HAL_UART_Transmit
                0x000000000800684a      0x124 ./Drivers/STM32F4xx_HAL_Driver/Src/stm32f4xx_hal_uart.o
                0x000000000800684a                HAL_UART_Transmit
 .text.HAL_UART_Receive_IT
                0x000000000800696e       0x60 ./Drivers/STM32F4xx_HAL_Driver/Src/stm32f4xx_hal_uart.o
                0x000000000800696e                HAL_UART_Receive_IT
 *fill*         0x00000000080069ce        0x2 
 .text.HAL_UART_IRQHandler
                0x00000000080069d0      0x51c ./Drivers/STM32F4xx_HAL_Driver/Src/stm32f4xx_hal_uart.o
                0x00000000080069d0                HAL_UART_IRQHandler
 .text.HAL_UART_TxCpltCallback
                0x0000000008006eec       0x14 ./Drivers/STM32F4xx_HAL_Driver/Src/stm32f4xx_hal_uart.o
                0x0000000008006eec                HAL_UART_TxCpltCallback
 .text.HAL_UART_ErrorCallback
                0x0000000008006f00       0x14 ./Drivers/STM32F4xx_HAL_Driver/Src/stm32f4xx_hal_uart.o
                0x0000000008006f00                HAL_UART_ErrorCallback
 .text.HAL_UARTEx_RxEventCallback
                0x0000000008006f14       0x18 ./Drivers/STM32F4xx_HAL_Driver/Src/stm32f4xx_hal_uart.o
                0x0000000008006f14                HAL_UARTEx_RxEventCallback
 .text.UART_WaitOnFlagUntilTimeout
                0x0000000008006f2c       0xdc ./Drivers/STM32F4xx_HAL_Driver/Src/stm32f4xx_hal_uart.o
 .text.UART_Start_Receive_IT
                0x0000000008007008       0x74 ./Drivers/STM32F4xx_HAL_Driver/Src/stm32f4xx_hal_uart.o
                0x0000000008007008                UART_Start_Receive_IT
 .text.UART_EndRxTransfer
                0x000000000800707c       0xc6 ./Drivers/STM32F4xx_HAL_Driver/Src/stm32f4xx_hal_uart.o
 .text.UART_DMAAbortOnError
                0x0000000008007142       0x28 ./Drivers/STM32F4xx_HAL_Driver/Src/stm32f4xx_hal_uart.o
 .text.UART_Transmit_IT
                0x000000000800716a       0xa0 ./Drivers/STM32F4xx_HAL_Driver/Src/stm32f4xx_hal_uart.o
 .text.UART_EndTransmit_IT
                0x000000000800720a       0x30 ./Drivers/STM32F4xx_HAL_Driver/Src/stm32f4xx_hal_uart.o
 .text.UART_Receive_IT
                0x000000000800723a      0x176 ./Drivers/STM32F4xx_HAL_Driver/Src/stm32f4xx_hal_uart.o
 .text.UART_SetConfig
                0x00000000080073b0      0x390 ./Drivers/STM32F4xx_HAL_Driver/Src/stm32f4xx_hal_uart.o
 .text.FSMC_NORSRAM_Init
                0x0000000008007740       0xa4 ./Drivers/STM32F4xx_HAL_Driver/Src/stm32f4xx_ll_fsmc.o
                0x0000000008007740                FSMC_NORSRAM_Init
 .text.FSMC_NORSRAM_Timing_Init
                0x00000000080077e4       0x7a ./Drivers/STM32F4xx_HAL_Driver/Src/stm32f4xx_ll_fsmc.o
                0x00000000080077e4                FSMC_NORSRAM_Timing_Init
 *fill*         0x000000000800785e        0x2 
 .text.FSMC_NORSRAM_Extended_Timing_Init
                0x0000000008007860       0x80 ./Drivers/STM32F4xx_HAL_Driver/Src/stm32f4xx_ll_fsmc.o
                0x0000000008007860                FSMC_NORSRAM_Extended_Timing_Init
 .text.__errno  0x00000000080078e0        0xc d:/semester 241/embedded system/stm32 application/stm32cubeide_1.7.0/stm32cubeide/plugins/com.st.stm32cube.ide.mcu.externaltools.gnu-tools-for-stm32.9-2020-q2-update.win32_2.0.0.202105311346/tools/bin/../lib/gcc/arm-none-eabi/9.3.1/../../../../arm-none-eabi/lib/thumb/v7e-m+fp/hard\libc_nano.a(lib_a-errno.o)
                0x00000000080078e0                __errno
 .text.__libc_init_array
                0x00000000080078ec       0x48 d:/semester 241/embedded system/stm32 application/stm32cubeide_1.7.0/stm32cubeide/plugins/com.st.stm32cube.ide.mcu.externaltools.gnu-tools-for-stm32.9-2020-q2-update.win32_2.0.0.202105311346/tools/bin/../lib/gcc/arm-none-eabi/9.3.1/../../../../arm-none-eabi/lib/thumb/v7e-m+fp/hard\libc_nano.a(lib_a-init.o)
                0x00000000080078ec                __libc_init_array
 .text.memset   0x0000000008007934       0x10 d:/semester 241/embedded system/stm32 application/stm32cubeide_1.7.0/stm32cubeide/plugins/com.st.stm32cube.ide.mcu.externaltools.gnu-tools-for-stm32.9-2020-q2-update.win32_2.0.0.202105311346/tools/bin/../lib/gcc/arm-none-eabi/9.3.1/../../../../arm-none-eabi/lib/thumb/v7e-m+fp/hard\libc_nano.a(lib_a-memset.o)
                0x0000000008007934                memset
 .text.sprintf  0x0000000008007944       0x40 d:/semester 241/embedded system/stm32 application/stm32cubeide_1.7.0/stm32cubeide/plugins/com.st.stm32cube.ide.mcu.externaltools.gnu-tools-for-stm32.9-2020-q2-update.win32_2.0.0.202105311346/tools/bin/../lib/gcc/arm-none-eabi/9.3.1/../../../../arm-none-eabi/lib/thumb/v7e-m+fp/hard\libc_nano.a(lib_a-sprintf.o)
                0x0000000008007944                siprintf
                0x0000000008007944                sprintf
 .text.__ssputs_r
                0x0000000008007984       0xb6 d:/semester 241/embedded system/stm32 application/stm32cubeide_1.7.0/stm32cubeide/plugins/com.st.stm32cube.ide.mcu.externaltools.gnu-tools-for-stm32.9-2020-q2-update.win32_2.0.0.202105311346/tools/bin/../lib/gcc/arm-none-eabi/9.3.1/../../../../arm-none-eabi/lib/thumb/v7e-m+fp/hard\libc_nano.a(lib_a-nano-svfprintf.o)
                0x0000000008007984                __ssputs_r
 *fill*         0x0000000008007a3a        0x2 
 .text._svfprintf_r
                0x0000000008007a3c      0x200 d:/semester 241/embedded system/stm32 application/stm32cubeide_1.7.0/stm32cubeide/plugins/com.st.stm32cube.ide.mcu.externaltools.gnu-tools-for-stm32.9-2020-q2-update.win32_2.0.0.202105311346/tools/bin/../lib/gcc/arm-none-eabi/9.3.1/../../../../arm-none-eabi/lib/thumb/v7e-m+fp/hard\libc_nano.a(lib_a-nano-svfprintf.o)
                0x0000000008007a3c                _svfiprintf_r
                0x0000000008007a3c                _svfprintf_r
 .text._printf_common
                0x0000000008007c3c       0xda d:/semester 241/embedded system/stm32 application/stm32cubeide_1.7.0/stm32cubeide/plugins/com.st.stm32cube.ide.mcu.externaltools.gnu-tools-for-stm32.9-2020-q2-update.win32_2.0.0.202105311346/tools/bin/../lib/gcc/arm-none-eabi/9.3.1/../../../../arm-none-eabi/lib/thumb/v7e-m+fp/hard\libc_nano.a(lib_a-nano-vfprintf_i.o)
                0x0000000008007c3c                _printf_common
 *fill*         0x0000000008007d16        0x2 
 .text._printf_i
                0x0000000008007d18      0x24c d:/semester 241/embedded system/stm32 application/stm32cubeide_1.7.0/stm32cubeide/plugins/com.st.stm32cube.ide.mcu.externaltools.gnu-tools-for-stm32.9-2020-q2-update.win32_2.0.0.202105311346/tools/bin/../lib/gcc/arm-none-eabi/9.3.1/../../../../arm-none-eabi/lib/thumb/v7e-m+fp/hard\libc_nano.a(lib_a-nano-vfprintf_i.o)
                0x0000000008007d18                _printf_i
 .text.memcpy   0x0000000008007f64       0x1c d:/semester 241/embedded system/stm32 application/stm32cubeide_1.7.0/stm32cubeide/plugins/com.st.stm32cube.ide.mcu.externaltools.gnu-tools-for-stm32.9-2020-q2-update.win32_2.0.0.202105311346/tools/bin/../lib/gcc/arm-none-eabi/9.3.1/../../../../arm-none-eabi/lib/thumb/v7e-m+fp/hard\libc_nano.a(lib_a-memcpy-stub.o)
                0x0000000008007f64                memcpy
 .text.memmove  0x0000000008007f80       0x34 d:/semester 241/embedded system/stm32 application/stm32cubeide_1.7.0/stm32cubeide/plugins/com.st.stm32cube.ide.mcu.externaltools.gnu-tools-for-stm32.9-2020-q2-update.win32_2.0.0.202105311346/tools/bin/../lib/gcc/arm-none-eabi/9.3.1/../../../../arm-none-eabi/lib/thumb/v7e-m+fp/hard\libc_nano.a(lib_a-memmove.o)
                0x0000000008007f80                memmove
 .text._free_r  0x0000000008007fb4       0xa0 d:/semester 241/embedded system/stm32 application/stm32cubeide_1.7.0/stm32cubeide/plugins/com.st.stm32cube.ide.mcu.externaltools.gnu-tools-for-stm32.9-2020-q2-update.win32_2.0.0.202105311346/tools/bin/../lib/gcc/arm-none-eabi/9.3.1/../../../../arm-none-eabi/lib/thumb/v7e-m+fp/hard\libc_nano.a(lib_a-nano-freer.o)
                0x0000000008007fb4                _free_r
 .text._malloc_r
                0x0000000008008054       0xb4 d:/semester 241/embedded system/stm32 application/stm32cubeide_1.7.0/stm32cubeide/plugins/com.st.stm32cube.ide.mcu.externaltools.gnu-tools-for-stm32.9-2020-q2-update.win32_2.0.0.202105311346/tools/bin/../lib/gcc/arm-none-eabi/9.3.1/../../../../arm-none-eabi/lib/thumb/v7e-m+fp/hard\libc_nano.a(lib_a-nano-mallocr.o)
                0x0000000008008054                _malloc_r
 .text._realloc_r
                0x0000000008008108       0x4c d:/semester 241/embedded system/stm32 application/stm32cubeide_1.7.0/stm32cubeide/plugins/com.st.stm32cube.ide.mcu.externaltools.gnu-tools-for-stm32.9-2020-q2-update.win32_2.0.0.202105311346/tools/bin/../lib/gcc/arm-none-eabi/9.3.1/../../../../arm-none-eabi/lib/thumb/v7e-m+fp/hard\libc_nano.a(lib_a-nano-reallocr.o)
                0x0000000008008108                _realloc_r
 .text._sbrk_r  0x0000000008008154       0x20 d:/semester 241/embedded system/stm32 application/stm32cubeide_1.7.0/stm32cubeide/plugins/com.st.stm32cube.ide.mcu.externaltools.gnu-tools-for-stm32.9-2020-q2-update.win32_2.0.0.202105311346/tools/bin/../lib/gcc/arm-none-eabi/9.3.1/../../../../arm-none-eabi/lib/thumb/v7e-m+fp/hard\libc_nano.a(lib_a-sbrkr.o)
                0x0000000008008154                _sbrk_r
 .text.__malloc_lock
                0x0000000008008174        0xc d:/semester 241/embedded system/stm32 application/stm32cubeide_1.7.0/stm32cubeide/plugins/com.st.stm32cube.ide.mcu.externaltools.gnu-tools-for-stm32.9-2020-q2-update.win32_2.0.0.202105311346/tools/bin/../lib/gcc/arm-none-eabi/9.3.1/../../../../arm-none-eabi/lib/thumb/v7e-m+fp/hard\libc_nano.a(lib_a-mlock.o)
                0x0000000008008174                __malloc_lock
 .text.__malloc_unlock
                0x0000000008008180        0xc d:/semester 241/embedded system/stm32 application/stm32cubeide_1.7.0/stm32cubeide/plugins/com.st.stm32cube.ide.mcu.externaltools.gnu-tools-for-stm32.9-2020-q2-update.win32_2.0.0.202105311346/tools/bin/../lib/gcc/arm-none-eabi/9.3.1/../../../../arm-none-eabi/lib/thumb/v7e-m+fp/hard\libc_nano.a(lib_a-mlock.o)
                0x0000000008008180                __malloc_unlock
 .text._malloc_usable_size_r
                0x000000000800818c       0x10 d:/semester 241/embedded system/stm32 application/stm32cubeide_1.7.0/stm32cubeide/plugins/com.st.stm32cube.ide.mcu.externaltools.gnu-tools-for-stm32.9-2020-q2-update.win32_2.0.0.202105311346/tools/bin/../lib/gcc/arm-none-eabi/9.3.1/../../../../arm-none-eabi/lib/thumb/v7e-m+fp/hard\libc_nano.a(lib_a-nano-msizer.o)
                0x000000000800818c                _malloc_usable_size_r
 .text.__retarget_lock_acquire_recursive
                0x000000000800819c        0x2 d:/semester 241/embedded system/stm32 application/stm32cubeide_1.7.0/stm32cubeide/plugins/com.st.stm32cube.ide.mcu.externaltools.gnu-tools-for-stm32.9-2020-q2-update.win32_2.0.0.202105311346/tools/bin/../lib/gcc/arm-none-eabi/9.3.1/../../../../arm-none-eabi/lib/thumb/v7e-m+fp/hard\libc_nano.a(lib_a-lock.o)
                0x000000000800819c                __retarget_lock_acquire_recursive
 .text.__retarget_lock_release_recursive
                0x000000000800819e        0x2 d:/semester 241/embedded system/stm32 application/stm32cubeide_1.7.0/stm32cubeide/plugins/com.st.stm32cube.ide.mcu.externaltools.gnu-tools-for-stm32.9-2020-q2-update.win32_2.0.0.202105311346/tools/bin/../lib/gcc/arm-none-eabi/9.3.1/../../../../arm-none-eabi/lib/thumb/v7e-m+fp/hard\libc_nano.a(lib_a-lock.o)
                0x000000000800819e                __retarget_lock_release_recursive
 *(.glue_7)
 .glue_7        0x00000000080081a0        0x0 linker stubs
 *(.glue_7t)
 .glue_7t       0x00000000080081a0        0x0 linker stubs
 *(.eh_frame)
 .eh_frame      0x00000000080081a0        0x0 d:/semester 241/embedded system/stm32 application/stm32cubeide_1.7.0/stm32cubeide/plugins/com.st.stm32cube.ide.mcu.externaltools.gnu-tools-for-stm32.9-2020-q2-update.win32_2.0.0.202105311346/tools/bin/../lib/gcc/arm-none-eabi/9.3.1/thumb/v7e-m+fp/hard/crtbegin.o
 *(.init)
 .init          0x00000000080081a0        0x4 d:/semester 241/embedded system/stm32 application/stm32cubeide_1.7.0/stm32cubeide/plugins/com.st.stm32cube.ide.mcu.externaltools.gnu-tools-for-stm32.9-2020-q2-update.win32_2.0.0.202105311346/tools/bin/../lib/gcc/arm-none-eabi/9.3.1/thumb/v7e-m+fp/hard/crti.o
                0x00000000080081a0                _init
 .init          0x00000000080081a4        0x8 d:/semester 241/embedded system/stm32 application/stm32cubeide_1.7.0/stm32cubeide/plugins/com.st.stm32cube.ide.mcu.externaltools.gnu-tools-for-stm32.9-2020-q2-update.win32_2.0.0.202105311346/tools/bin/../lib/gcc/arm-none-eabi/9.3.1/thumb/v7e-m+fp/hard/crtn.o
 *(.fini)
 .fini          0x00000000080081ac        0x4 d:/semester 241/embedded system/stm32 application/stm32cubeide_1.7.0/stm32cubeide/plugins/com.st.stm32cube.ide.mcu.externaltools.gnu-tools-for-stm32.9-2020-q2-update.win32_2.0.0.202105311346/tools/bin/../lib/gcc/arm-none-eabi/9.3.1/thumb/v7e-m+fp/hard/crti.o
                0x00000000080081ac                _fini
 .fini          0x00000000080081b0        0x8 d:/semester 241/embedded system/stm32 application/stm32cubeide_1.7.0/stm32cubeide/plugins/com.st.stm32cube.ide.mcu.externaltools.gnu-tools-for-stm32.9-2020-q2-update.win32_2.0.0.202105311346/tools/bin/../lib/gcc/arm-none-eabi/9.3.1/thumb/v7e-m+fp/hard/crtn.o
                0x00000000080081b8                . = ALIGN (0x4)
                0x00000000080081b8                _etext = .

.vfp11_veneer   0x00000000080081b8        0x0
 .vfp11_veneer  0x00000000080081b8        0x0 linker stubs

.v4_bx          0x00000000080081b8        0x0
 .v4_bx         0x00000000080081b8        0x0 linker stubs

.iplt           0x00000000080081b8        0x0
 .iplt          0x00000000080081b8        0x0 d:/semester 241/embedded system/stm32 application/stm32cubeide_1.7.0/stm32cubeide/plugins/com.st.stm32cube.ide.mcu.externaltools.gnu-tools-for-stm32.9-2020-q2-update.win32_2.0.0.202105311346/tools/bin/../lib/gcc/arm-none-eabi/9.3.1/thumb/v7e-m+fp/hard/crtbegin.o

.rodata         0x00000000080081b8     0x3018
                0x00000000080081b8                . = ALIGN (0x4)
 *(.rodata)
 .rodata        0x00000000080081b8       0x24 ./Core/Src/control.o
 .rodata        0x00000000080081dc        0xc ./Core/Src/system.o
 .rodata        0x00000000080081e8       0x12 ./Core/Src/uart.o
 *(.rodata*)
 *fill*         0x00000000080081fa        0x2 
 .rodata.ascii_1608
                0x00000000080081fc      0x5f0 ./Core/Src/lcd.o
                0x00000000080081fc                ascii_1608
 .rodata.ascii_2412
                0x00000000080087ec     0x11d0 ./Core/Src/lcd.o
                0x00000000080087ec                ascii_2412
 .rodata.ascii_3216
                0x00000000080099bc     0x17c0 ./Core/Src/lcd.o
                0x00000000080099bc                ascii_3216
 .rodata.AHBPrescTable
                0x000000000800b17c       0x10 ./Core/Src/system_stm32f4xx.o
                0x000000000800b17c                AHBPrescTable
 .rodata.APBPrescTable
                0x000000000800b18c        0x8 ./Core/Src/system_stm32f4xx.o
                0x000000000800b18c                APBPrescTable
 .rodata.flagBitshiftOffset.9376
                0x000000000800b194        0x8 ./Drivers/STM32F4xx_HAL_Driver/Src/stm32f4xx_hal_dma.o
 .rodata._svfprintf_r.str1.1
                0x000000000800b19c       0x11 d:/semester 241/embedded system/stm32 application/stm32cubeide_1.7.0/stm32cubeide/plugins/com.st.stm32cube.ide.mcu.externaltools.gnu-tools-for-stm32.9-2020-q2-update.win32_2.0.0.202105311346/tools/bin/../lib/gcc/arm-none-eabi/9.3.1/../../../../arm-none-eabi/lib/thumb/v7e-m+fp/hard\libc_nano.a(lib_a-nano-svfprintf.o)
 .rodata._printf_i.str1.1
                0x000000000800b1ad       0x22 d:/semester 241/embedded system/stm32 application/stm32cubeide_1.7.0/stm32cubeide/plugins/com.st.stm32cube.ide.mcu.externaltools.gnu-tools-for-stm32.9-2020-q2-update.win32_2.0.0.202105311346/tools/bin/../lib/gcc/arm-none-eabi/9.3.1/../../../../arm-none-eabi/lib/thumb/v7e-m+fp/hard\libc_nano.a(lib_a-nano-vfprintf_i.o)
                0x000000000800b1d0                . = ALIGN (0x4)
 *fill*         0x000000000800b1cf        0x1 

.ARM.extab      0x000000000800b1d0        0x0
                0x000000000800b1d0                . = ALIGN (0x4)
 *(.ARM.extab* .gnu.linkonce.armextab.*)
                0x000000000800b1d0                . = ALIGN (0x4)

.ARM            0x000000000800b1d0        0x8
                0x000000000800b1d0                . = ALIGN (0x4)
                0x000000000800b1d0                __exidx_start = .
 *(.ARM.exidx*)
 .ARM.exidx     0x000000000800b1d0        0x8 d:/semester 241/embedded system/stm32 application/stm32cubeide_1.7.0/stm32cubeide/plugins/com.st.stm32cube.ide.mcu.externaltools.gnu-tools-for-stm32.9-2020-q2-update.win32_2.0.0.202105311346/tools/bin/../lib/gcc/arm-none-eabi/9.3.1/thumb/v7e-m+fp/hard\libgcc.a(_udivmoddi4.o)
                0x000000000800b1d8                __exidx_end = .
                0x000000000800b1d8                . = ALIGN (0x4)

.rel.dyn        0x000000000800b1d8        0x0
 .rel.iplt      0x000000000800b1d8        0x0 d:/semester 241/embedded system/stm32 application/stm32cubeide_1.7.0/stm32cubeide/plugins/com.st.stm32cube.ide.mcu.externaltools.gnu-tools-for-stm32.9-2020-q2-update.win32_2.0.0.202105311346/tools/bin/../lib/gcc/arm-none-eabi/9.3.1/thumb/v7e-m+fp/hard/crtbegin.o

.preinit_array  0x000000000800b1d8        0x0
                0x000000000800b1d8                . = ALIGN (0x4)
                0x000000000800b1d8                PROVIDE (__preinit_array_start = .)
 *(.preinit_array*)
                0x000000000800b1d8                PROVIDE (__preinit_array_end = .)
                0x000000000800b1d8                . = ALIGN (0x4)

.init_array     0x000000000800b1d8        0x4
                0x000000000800b1d8                . = ALIGN (0x4)
                0x000000000800b1d8                PROVIDE (__init_array_start = .)
 *(SORT_BY_NAME(.init_array.*))
 *(.init_array*)
 .init_array    0x000000000800b1d8        0x4 d:/semester 241/embedded system/stm32 application/stm32cubeide_1.7.0/stm32cubeide/plugins/com.st.stm32cube.ide.mcu.externaltools.gnu-tools-for-stm32.9-2020-q2-update.win32_2.0.0.202105311346/tools/bin/../lib/gcc/arm-none-eabi/9.3.1/thumb/v7e-m+fp/hard/crtbegin.o
                0x000000000800b1dc                PROVIDE (__init_array_end = .)
                0x000000000800b1dc                . = ALIGN (0x4)

.fini_array     0x000000000800b1dc        0x4
                0x000000000800b1dc                . = ALIGN (0x4)
                [!provide]                        PROVIDE (__fini_array_start = .)
 *(SORT_BY_NAME(.fini_array.*))
 *(.fini_array*)
 .fini_array    0x000000000800b1dc        0x4 d:/semester 241/embedded system/stm32 application/stm32cubeide_1.7.0/stm32cubeide/plugins/com.st.stm32cube.ide.mcu.externaltools.gnu-tools-for-stm32.9-2020-q2-update.win32_2.0.0.202105311346/tools/bin/../lib/gcc/arm-none-eabi/9.3.1/thumb/v7e-m+fp/hard/crtbegin.o
                [!provide]                        PROVIDE (__fini_array_end = .)
                0x000000000800b1e0                . = ALIGN (0x4)
                0x000000000800b1e0                _sidata = LOADADDR (.data)

.data           0x0000000020000000       0x70 load address 0x000000000800b1e0
                0x0000000020000000                . = ALIGN (0x4)
                0x0000000020000000                _sdata = .
 *(.data)
 *(.data*)
 .data.SystemCoreClock
                0x0000000020000000        0x4 ./Core/Src/system_stm32f4xx.o
                0x0000000020000000                SystemCoreClock
 .data.uwTickPrio
                0x0000000020000004        0x4 ./Drivers/STM32F4xx_HAL_Driver/Src/stm32f4xx_hal.o
                0x0000000020000004                uwTickPrio
 .data.uwTickFreq
                0x0000000020000008        0x1 ./Drivers/STM32F4xx_HAL_Driver/Src/stm32f4xx_hal.o
                0x0000000020000008                uwTickFreq
 *fill*         0x0000000020000009        0x3 
 .data._impure_ptr
                0x000000002000000c        0x4 d:/semester 241/embedded system/stm32 application/stm32cubeide_1.7.0/stm32cubeide/plugins/com.st.stm32cube.ide.mcu.externaltools.gnu-tools-for-stm32.9-2020-q2-update.win32_2.0.0.202105311346/tools/bin/../lib/gcc/arm-none-eabi/9.3.1/../../../../arm-none-eabi/lib/thumb/v7e-m+fp/hard\libc_nano.a(lib_a-impure.o)
                0x000000002000000c                _impure_ptr
 .data.impure_data
                0x0000000020000010       0x60 d:/semester 241/embedded system/stm32 application/stm32cubeide_1.7.0/stm32cubeide/plugins/com.st.stm32cube.ide.mcu.externaltools.gnu-tools-for-stm32.9-2020-q2-update.win32_2.0.0.202105311346/tools/bin/../lib/gcc/arm-none-eabi/9.3.1/../../../../arm-none-eabi/lib/thumb/v7e-m+fp/hard\libc_nano.a(lib_a-impure.o)
 *(.RamFunc)
 *(.RamFunc*)
                0x0000000020000070                . = ALIGN (0x4)
                0x0000000020000070                _edata = .
                0x000000000800b250                _siccmram = LOADADDR (.ccmram)

.igot.plt       0x0000000020000070        0x0 load address 0x000000000800b250
 .igot.plt      0x0000000020000070        0x0 d:/semester 241/embedded system/stm32 application/stm32cubeide_1.7.0/stm32cubeide/plugins/com.st.stm32cube.ide.mcu.externaltools.gnu-tools-for-stm32.9-2020-q2-update.win32_2.0.0.202105311346/tools/bin/../lib/gcc/arm-none-eabi/9.3.1/thumb/v7e-m+fp/hard/crtbegin.o

.ccmram         0x0000000010000000        0x0 load address 0x000000000800b250
                0x0000000010000000                . = ALIGN (0x4)
                0x0000000010000000                _sccmram = .
 *(.ccmram)
 *(.ccmram*)
                0x0000000010000000                . = ALIGN (0x4)
                0x0000000010000000                _eccmram = .
                0x0000000010000000                . = ALIGN (0x4)

.bss            0x0000000020000070      0x458
                0x0000000020000070                _sbss = .
                0x0000000020000070                __bss_start__ = _sbss
 *(.bss)
 .bss           0x0000000020000070       0x1c d:/semester 241/embedded system/stm32 application/stm32cubeide_1.7.0/stm32cubeide/plugins/com.st.stm32cube.ide.mcu.externaltools.gnu-tools-for-stm32.9-2020-q2-update.win32_2.0.0.202105311346/tools/bin/../lib/gcc/arm-none-eabi/9.3.1/thumb/v7e-m+fp/hard/crtbegin.o
 *(.bss*)
 .bss.spi_button
                0x000000002000008c        0x2 ./Core/Src/button.o
                0x000000002000008c                spi_button
 .bss.light_status
                0x000000002000008e        0x1 ./Core/Src/control.o
                0x000000002000008e                light_status
 *fill*         0x000000002000008f        0x1 
 .bss.FSMC_Initialized
                0x0000000020000090        0x4 ./Core/Src/fsmc.o
 .bss.sum       0x0000000020000094        0x4 ./Core/Src/sensor.o
                0x0000000020000094                sum
 .bss.__sbrk_heap_end
                0x0000000020000098        0x4 ./Core/Src/sysmem.o
 .bss.idx       0x000000002000009c        0x2 ./Core/Src/system.o
                0x000000002000009c                idx
 *fill*         0x000000002000009e        0x2 
 .bss.sum_15s   0x00000000200000a0        0x4 ./Core/Src/system.o
                0x00000000200000a0                sum_15s
 .bss.receive_buffer1
                0x00000000200000a4        0x1 ./Core/Src/uart.o
                0x00000000200000a4                receive_buffer1
 .bss.receive_buffer2
                0x00000000200000a5        0x1 ./Core/Src/uart.o
                0x00000000200000a5                receive_buffer2
 .bss.check_esp
                0x00000000200000a6        0x1 ./Core/Src/uart.o
                0x00000000200000a6                check_esp
 *fill*         0x00000000200000a7        0x1 
 .bss.__malloc_free_list
                0x00000000200000a8        0x4 d:/semester 241/embedded system/stm32 application/stm32cubeide_1.7.0/stm32cubeide/plugins/com.st.stm32cube.ide.mcu.externaltools.gnu-tools-for-stm32.9-2020-q2-update.win32_2.0.0.202105311346/tools/bin/../lib/gcc/arm-none-eabi/9.3.1/../../../../arm-none-eabi/lib/thumb/v7e-m+fp/hard\libc_nano.a(lib_a-nano-mallocr.o)
                0x00000000200000a8                __malloc_free_list
 .bss.__malloc_sbrk_start
                0x00000000200000ac        0x4 d:/semester 241/embedded system/stm32 application/stm32cubeide_1.7.0/stm32cubeide/plugins/com.st.stm32cube.ide.mcu.externaltools.gnu-tools-for-stm32.9-2020-q2-update.win32_2.0.0.202105311346/tools/bin/../lib/gcc/arm-none-eabi/9.3.1/../../../../arm-none-eabi/lib/thumb/v7e-m+fp/hard\libc_nano.a(lib_a-nano-mallocr.o)
                0x00000000200000ac                __malloc_sbrk_start
 *(COMMON)
 COMMON         0x00000000200000b0       0xa8 ./Core/Src/adc.o
                0x00000000200000b0                hadc1
                0x00000000200000f8                hdma_adc1
 COMMON         0x0000000020000158       0x20 ./Core/Src/button.o
                0x0000000020000158                button_count
 COMMON         0x0000000020000178        0x7 ./Core/Src/control.o
                0x0000000020000178                res
 *fill*         0x000000002000017f        0x1 
 COMMON         0x0000000020000180       0x50 ./Core/Src/fsmc.o
                0x0000000020000180                hsram1
 COMMON         0x00000000200001d0       0x54 ./Core/Src/i2c.o
                0x00000000200001d0                hi2c1
 COMMON         0x0000000020000224       0x3a ./Core/Src/lcd.o
                0x0000000020000224                lcddev
                0x000000002000022c                s
 *fill*         0x000000002000025e        0x2 
 COMMON         0x0000000020000260       0x1e ./Core/Src/sensor.o
                0x0000000020000260                heat_buffer
                0x0000000020000274                adc_receive
 *fill*         0x000000002000027e        0x2 
 COMMON         0x0000000020000280       0x18 ./Core/Src/software_timer.o
                0x0000000020000280                timer
 COMMON         0x0000000020000298       0x58 ./Core/Src/spi.o
                0x0000000020000298                hspi1
 COMMON         0x00000000200002f0       0xd8 ./Core/Src/tim.o
                0x00000000200002f0                htim13
                0x0000000020000338                htim1
                0x0000000020000380                htim2
 COMMON         0x00000000200003c8       0x64 ./Core/Src/uart.o
                0x00000000200003c8                msg
 COMMON         0x000000002000042c       0x88 ./Core/Src/usart.o
                0x000000002000042c                huart1
                0x0000000020000470                huart2
 COMMON         0x00000000200004b4        0x4 ./Drivers/STM32F4xx_HAL_Driver/Src/stm32f4xx_hal.o
                0x00000000200004b4                uwTick
 COMMON         0x00000000200004b8        0x4 d:/semester 241/embedded system/stm32 application/stm32cubeide_1.7.0/stm32cubeide/plugins/com.st.stm32cube.ide.mcu.externaltools.gnu-tools-for-stm32.9-2020-q2-update.win32_2.0.0.202105311346/tools/bin/../lib/gcc/arm-none-eabi/9.3.1/../../../../arm-none-eabi/lib/thumb/v7e-m+fp/hard\libc_nano.a(lib_a-reent.o)
                0x00000000200004b8                errno
 COMMON         0x00000000200004bc        0x9 d:/semester 241/embedded system/stm32 application/stm32cubeide_1.7.0/stm32cubeide/plugins/com.st.stm32cube.ide.mcu.externaltools.gnu-tools-for-stm32.9-2020-q2-update.win32_2.0.0.202105311346/tools/bin/../lib/gcc/arm-none-eabi/9.3.1/../../../../arm-none-eabi/lib/thumb/v7e-m+fp/hard\libc_nano.a(lib_a-lock.o)
                0x00000000200004bc                __lock___atexit_recursive_mutex
                0x00000000200004bd                __lock___arc4random_mutex
                0x00000000200004be                __lock___env_recursive_mutex
                0x00000000200004bf                __lock___sinit_recursive_mutex
                0x00000000200004c0                __lock___malloc_recursive_mutex
                0x00000000200004c1                __lock___at_quick_exit_mutex
                0x00000000200004c2                __lock___dd_hash_mutex
                0x00000000200004c3                __lock___tz_mutex
                0x00000000200004c4                __lock___sfp_recursive_mutex
                0x00000000200004c8                . = ALIGN (0x4)
 *fill*         0x00000000200004c5        0x3 
                0x00000000200004c8                _ebss = .
                0x00000000200004c8                __bss_end__ = _ebss

._user_heap_stack
                0x00000000200004c8      0x600
                0x00000000200004c8                . = ALIGN (0x8)
                [!provide]                        PROVIDE (end = .)
                0x00000000200004c8                PROVIDE (_end = .)
                0x00000000200006c8                . = (. + _Min_Heap_Size)
 *fill*         0x00000000200004c8      0x200 
                0x0000000020000ac8                . = (. + _Min_Stack_Size)
 *fill*         0x00000000200006c8      0x400 
                0x0000000020000ac8                . = ALIGN (0x8)

/DISCARD/
 libc.a(*)
 libm.a(*)
 libgcc.a(*)

.ARM.attributes
                0x0000000000000000       0x30
 *(.ARM.attributes)
 .ARM.attributes
                0x0000000000000000       0x1e d:/semester 241/embedded system/stm32 application/stm32cubeide_1.7.0/stm32cubeide/plugins/com.st.stm32cube.ide.mcu.externaltools.gnu-tools-for-stm32.9-2020-q2-update.win32_2.0.0.202105311346/tools/bin/../lib/gcc/arm-none-eabi/9.3.1/thumb/v7e-m+fp/hard/crti.o
 .ARM.attributes
                0x000000000000001e       0x34 d:/semester 241/embedded system/stm32 application/stm32cubeide_1.7.0/stm32cubeide/plugins/com.st.stm32cube.ide.mcu.externaltools.gnu-tools-for-stm32.9-2020-q2-update.win32_2.0.0.202105311346/tools/bin/../lib/gcc/arm-none-eabi/9.3.1/thumb/v7e-m+fp/hard/crtbegin.o
 .ARM.attributes
                0x0000000000000052       0x34 ./Core/Src/adc.o
 .ARM.attributes
                0x0000000000000086       0x34 ./Core/Src/button.o
 .ARM.attributes
                0x00000000000000ba       0x34 ./Core/Src/control.o
 .ARM.attributes
                0x00000000000000ee       0x34 ./Core/Src/dma.o
 .ARM.attributes
                0x0000000000000122       0x34 ./Core/Src/fsmc.o
 .ARM.attributes
                0x0000000000000156       0x34 ./Core/Src/gpio.o
 .ARM.attributes
                0x000000000000018a       0x34 ./Core/Src/i2c.o
 .ARM.attributes
                0x00000000000001be       0x34 ./Core/Src/lcd.o
 .ARM.attributes
                0x00000000000001f2       0x34 ./Core/Src/main.o
 .ARM.attributes
                0x0000000000000226       0x34 ./Core/Src/sensor.o
 .ARM.attributes
                0x000000000000025a       0x34 ./Core/Src/software_timer.o
 .ARM.attributes
                0x000000000000028e       0x34 ./Core/Src/spi.o
 .ARM.attributes
                0x00000000000002c2       0x34 ./Core/Src/stm32f4xx_hal_msp.o
 .ARM.attributes
                0x00000000000002f6       0x34 ./Core/Src/stm32f4xx_it.o
 .ARM.attributes
                0x000000000000032a       0x34 ./Core/Src/sysmem.o
 .ARM.attributes
                0x000000000000035e       0x34 ./Core/Src/system.o
 .ARM.attributes
                0x0000000000000392       0x34 ./Core/Src/system_stm32f4xx.o
 .ARM.attributes
                0x00000000000003c6       0x34 ./Core/Src/tim.o
 .ARM.attributes
                0x00000000000003fa       0x34 ./Core/Src/uart.o
 .ARM.attributes
                0x000000000000042e       0x34 ./Core/Src/usart.o
 .ARM.attributes
                0x0000000000000462       0x21 ./Core/Startup/startup_stm32f407zetx.o
 .ARM.attributes
                0x0000000000000483       0x34 ./Drivers/STM32F4xx_HAL_Driver/Src/stm32f4xx_hal.o
 .ARM.attributes
                0x00000000000004b7       0x34 ./Drivers/STM32F4xx_HAL_Driver/Src/stm32f4xx_hal_adc.o
 .ARM.attributes
                0x00000000000004eb       0x34 ./Drivers/STM32F4xx_HAL_Driver/Src/stm32f4xx_hal_cortex.o
 .ARM.attributes
                0x000000000000051f       0x34 ./Drivers/STM32F4xx_HAL_Driver/Src/stm32f4xx_hal_dma.o
 .ARM.attributes
                0x0000000000000553       0x34 ./Drivers/STM32F4xx_HAL_Driver/Src/stm32f4xx_hal_gpio.o
 .ARM.attributes
                0x0000000000000587       0x34 ./Drivers/STM32F4xx_HAL_Driver/Src/stm32f4xx_hal_i2c.o
 .ARM.attributes
                0x00000000000005bb       0x34 ./Drivers/STM32F4xx_HAL_Driver/Src/stm32f4xx_hal_rcc.o
 .ARM.attributes
                0x00000000000005ef       0x34 ./Drivers/STM32F4xx_HAL_Driver/Src/stm32f4xx_hal_spi.o
 .ARM.attributes
                0x0000000000000623       0x34 ./Drivers/STM32F4xx_HAL_Driver/Src/stm32f4xx_hal_sram.o
 .ARM.attributes
                0x0000000000000657       0x34 ./Drivers/STM32F4xx_HAL_Driver/Src/stm32f4xx_hal_tim.o
 .ARM.attributes
                0x000000000000068b       0x34 ./Drivers/STM32F4xx_HAL_Driver/Src/stm32f4xx_hal_tim_ex.o
 .ARM.attributes
                0x00000000000006bf       0x34 ./Drivers/STM32F4xx_HAL_Driver/Src/stm32f4xx_hal_uart.o
 .ARM.attributes
                0x00000000000006f3       0x34 ./Drivers/STM32F4xx_HAL_Driver/Src/stm32f4xx_ll_fsmc.o
 .ARM.attributes
                0x0000000000000727       0x34 d:/semester 241/embedded system/stm32 application/stm32cubeide_1.7.0/stm32cubeide/plugins/com.st.stm32cube.ide.mcu.externaltools.gnu-tools-for-stm32.9-2020-q2-update.win32_2.0.0.202105311346/tools/bin/../lib/gcc/arm-none-eabi/9.3.1/../../../../arm-none-eabi/lib/thumb/v7e-m+fp/hard\libc_nano.a(lib_a-errno.o)
 .ARM.attributes
                0x000000000000075b       0x32 d:/semester 241/embedded system/stm32 application/stm32cubeide_1.7.0/stm32cubeide/plugins/com.st.stm32cube.ide.mcu.externaltools.gnu-tools-for-stm32.9-2020-q2-update.win32_2.0.0.202105311346/tools/bin/../lib/gcc/arm-none-eabi/9.3.1/../../../../arm-none-eabi/lib/thumb/v7e-m+fp/hard\libc_nano.a(lib_a-impure.o)
 .ARM.attributes
                0x000000000000078d       0x34 d:/semester 241/embedded system/stm32 application/stm32cubeide_1.7.0/stm32cubeide/plugins/com.st.stm32cube.ide.mcu.externaltools.gnu-tools-for-stm32.9-2020-q2-update.win32_2.0.0.202105311346/tools/bin/../lib/gcc/arm-none-eabi/9.3.1/../../../../arm-none-eabi/lib/thumb/v7e-m+fp/hard\libc_nano.a(lib_a-init.o)
 .ARM.attributes
                0x00000000000007c1       0x34 d:/semester 241/embedded system/stm32 application/stm32cubeide_1.7.0/stm32cubeide/plugins/com.st.stm32cube.ide.mcu.externaltools.gnu-tools-for-stm32.9-2020-q2-update.win32_2.0.0.202105311346/tools/bin/../lib/gcc/arm-none-eabi/9.3.1/../../../../arm-none-eabi/lib/thumb/v7e-m+fp/hard\libc_nano.a(lib_a-memset.o)
 .ARM.attributes
                0x00000000000007f5       0x34 d:/semester 241/embedded system/stm32 application/stm32cubeide_1.7.0/stm32cubeide/plugins/com.st.stm32cube.ide.mcu.externaltools.gnu-tools-for-stm32.9-2020-q2-update.win32_2.0.0.202105311346/tools/bin/../lib/gcc/arm-none-eabi/9.3.1/../../../../arm-none-eabi/lib/thumb/v7e-m+fp/hard\libc_nano.a(lib_a-sprintf.o)
 .ARM.attributes
                0x0000000000000829       0x34 d:/semester 241/embedded system/stm32 application/stm32cubeide_1.7.0/stm32cubeide/plugins/com.st.stm32cube.ide.mcu.externaltools.gnu-tools-for-stm32.9-2020-q2-update.win32_2.0.0.202105311346/tools/bin/../lib/gcc/arm-none-eabi/9.3.1/../../../../arm-none-eabi/lib/thumb/v7e-m+fp/hard\libc_nano.a(lib_a-nano-svfprintf.o)
 .ARM.attributes
                0x000000000000085d       0x34 d:/semester 241/embedded system/stm32 application/stm32cubeide_1.7.0/stm32cubeide/plugins/com.st.stm32cube.ide.mcu.externaltools.gnu-tools-for-stm32.9-2020-q2-update.win32_2.0.0.202105311346/tools/bin/../lib/gcc/arm-none-eabi/9.3.1/../../../../arm-none-eabi/lib/thumb/v7e-m+fp/hard\libc_nano.a(lib_a-nano-vfprintf_i.o)
 .ARM.attributes
                0x0000000000000891       0x1c d:/semester 241/embedded system/stm32 application/stm32cubeide_1.7.0/stm32cubeide/plugins/com.st.stm32cube.ide.mcu.externaltools.gnu-tools-for-stm32.9-2020-q2-update.win32_2.0.0.202105311346/tools/bin/../lib/gcc/arm-none-eabi/9.3.1/../../../../arm-none-eabi/lib/thumb/v7e-m+fp/hard\libc_nano.a(lib_a-memchr.o)
 .ARM.attributes
                0x00000000000008ad       0x34 d:/semester 241/embedded system/stm32 application/stm32cubeide_1.7.0/stm32cubeide/plugins/com.st.stm32cube.ide.mcu.externaltools.gnu-tools-for-stm32.9-2020-q2-update.win32_2.0.0.202105311346/tools/bin/../lib/gcc/arm-none-eabi/9.3.1/../../../../arm-none-eabi/lib/thumb/v7e-m+fp/hard\libc_nano.a(lib_a-memcpy-stub.o)
 .ARM.attributes
                0x00000000000008e1       0x34 d:/semester 241/embedded system/stm32 application/stm32cubeide_1.7.0/stm32cubeide/plugins/com.st.stm32cube.ide.mcu.externaltools.gnu-tools-for-stm32.9-2020-q2-update.win32_2.0.0.202105311346/tools/bin/../lib/gcc/arm-none-eabi/9.3.1/../../../../arm-none-eabi/lib/thumb/v7e-m+fp/hard\libc_nano.a(lib_a-memmove.o)
 .ARM.attributes
                0x0000000000000915       0x34 d:/semester 241/embedded system/stm32 application/stm32cubeide_1.7.0/stm32cubeide/plugins/com.st.stm32cube.ide.mcu.externaltools.gnu-tools-for-stm32.9-2020-q2-update.win32_2.0.0.202105311346/tools/bin/../lib/gcc/arm-none-eabi/9.3.1/../../../../arm-none-eabi/lib/thumb/v7e-m+fp/hard\libc_nano.a(lib_a-nano-freer.o)
 .ARM.attributes
                0x0000000000000949       0x34 d:/semester 241/embedded system/stm32 application/stm32cubeide_1.7.0/stm32cubeide/plugins/com.st.stm32cube.ide.mcu.externaltools.gnu-tools-for-stm32.9-2020-q2-update.win32_2.0.0.202105311346/tools/bin/../lib/gcc/arm-none-eabi/9.3.1/../../../../arm-none-eabi/lib/thumb/v7e-m+fp/hard\libc_nano.a(lib_a-nano-mallocr.o)
 .ARM.attributes
                0x000000000000097d       0x34 d:/semester 241/embedded system/stm32 application/stm32cubeide_1.7.0/stm32cubeide/plugins/com.st.stm32cube.ide.mcu.externaltools.gnu-tools-for-stm32.9-2020-q2-update.win32_2.0.0.202105311346/tools/bin/../lib/gcc/arm-none-eabi/9.3.1/../../../../arm-none-eabi/lib/thumb/v7e-m+fp/hard\libc_nano.a(lib_a-nano-reallocr.o)
 .ARM.attributes
                0x00000000000009b1       0x34 d:/semester 241/embedded system/stm32 application/stm32cubeide_1.7.0/stm32cubeide/plugins/com.st.stm32cube.ide.mcu.externaltools.gnu-tools-for-stm32.9-2020-q2-update.win32_2.0.0.202105311346/tools/bin/../lib/gcc/arm-none-eabi/9.3.1/../../../../arm-none-eabi/lib/thumb/v7e-m+fp/hard\libc_nano.a(lib_a-sbrkr.o)
 .ARM.attributes
                0x00000000000009e5       0x34 d:/semester 241/embedded system/stm32 application/stm32cubeide_1.7.0/stm32cubeide/plugins/com.st.stm32cube.ide.mcu.externaltools.gnu-tools-for-stm32.9-2020-q2-update.win32_2.0.0.202105311346/tools/bin/../lib/gcc/arm-none-eabi/9.3.1/../../../../arm-none-eabi/lib/thumb/v7e-m+fp/hard\libc_nano.a(lib_a-mlock.o)
 .ARM.attributes
                0x0000000000000a19       0x34 d:/semester 241/embedded system/stm32 application/stm32cubeide_1.7.0/stm32cubeide/plugins/com.st.stm32cube.ide.mcu.externaltools.gnu-tools-for-stm32.9-2020-q2-update.win32_2.0.0.202105311346/tools/bin/../lib/gcc/arm-none-eabi/9.3.1/../../../../arm-none-eabi/lib/thumb/v7e-m+fp/hard\libc_nano.a(lib_a-nano-msizer.o)
 .ARM.attributes
                0x0000000000000a4d       0x34 d:/semester 241/embedded system/stm32 application/stm32cubeide_1.7.0/stm32cubeide/plugins/com.st.stm32cube.ide.mcu.externaltools.gnu-tools-for-stm32.9-2020-q2-update.win32_2.0.0.202105311346/tools/bin/../lib/gcc/arm-none-eabi/9.3.1/../../../../arm-none-eabi/lib/thumb/v7e-m+fp/hard\libc_nano.a(lib_a-reent.o)
 .ARM.attributes
                0x0000000000000a81       0x34 d:/semester 241/embedded system/stm32 application/stm32cubeide_1.7.0/stm32cubeide/plugins/com.st.stm32cube.ide.mcu.externaltools.gnu-tools-for-stm32.9-2020-q2-update.win32_2.0.0.202105311346/tools/bin/../lib/gcc/arm-none-eabi/9.3.1/../../../../arm-none-eabi/lib/thumb/v7e-m+fp/hard\libc_nano.a(lib_a-lock.o)
 .ARM.attributes
                0x0000000000000ab5       0x1e d:/semester 241/embedded system/stm32 application/stm32cubeide_1.7.0/stm32cubeide/plugins/com.st.stm32cube.ide.mcu.externaltools.gnu-tools-for-stm32.9-2020-q2-update.win32_2.0.0.202105311346/tools/bin/../lib/gcc/arm-none-eabi/9.3.1/thumb/v7e-m+fp/hard\libgcc.a(_arm_addsubdf3.o)
 .ARM.attributes
                0x0000000000000ad3       0x1e d:/semester 241/embedded system/stm32 application/stm32cubeide_1.7.0/stm32cubeide/plugins/com.st.stm32cube.ide.mcu.externaltools.gnu-tools-for-stm32.9-2020-q2-update.win32_2.0.0.202105311346/tools/bin/../lib/gcc/arm-none-eabi/9.3.1/thumb/v7e-m+fp/hard\libgcc.a(_arm_muldivdf3.o)
 .ARM.attributes
                0x0000000000000af1       0x1e d:/semester 241/embedded system/stm32 application/stm32cubeide_1.7.0/stm32cubeide/plugins/com.st.stm32cube.ide.mcu.externaltools.gnu-tools-for-stm32.9-2020-q2-update.win32_2.0.0.202105311346/tools/bin/../lib/gcc/arm-none-eabi/9.3.1/thumb/v7e-m+fp/hard\libgcc.a(_arm_fixunsdfsi.o)
 .ARM.attributes
                0x0000000000000b0f       0x1e d:/semester 241/embedded system/stm32 application/stm32cubeide_1.7.0/stm32cubeide/plugins/com.st.stm32cube.ide.mcu.externaltools.gnu-tools-for-stm32.9-2020-q2-update.win32_2.0.0.202105311346/tools/bin/../lib/gcc/arm-none-eabi/9.3.1/thumb/v7e-m+fp/hard\libgcc.a(_aeabi_uldivmod.o)
 .ARM.attributes
                0x0000000000000b2d       0x34 d:/semester 241/embedded system/stm32 application/stm32cubeide_1.7.0/stm32cubeide/plugins/com.st.stm32cube.ide.mcu.externaltools.gnu-tools-for-stm32.9-2020-q2-update.win32_2.0.0.202105311346/tools/bin/../lib/gcc/arm-none-eabi/9.3.1/thumb/v7e-m+fp/hard\libgcc.a(_udivmoddi4.o)
 .ARM.attributes
                0x0000000000000b61       0x1e d:/semester 241/embedded system/stm32 application/stm32cubeide_1.7.0/stm32cubeide/plugins/com.st.stm32cube.ide.mcu.externaltools.gnu-tools-for-stm32.9-2020-q2-update.win32_2.0.0.202105311346/tools/bin/../lib/gcc/arm-none-eabi/9.3.1/thumb/v7e-m+fp/hard\libgcc.a(_dvmd_tls.o)
 .ARM.attributes
                0x0000000000000b7f       0x1e d:/semester 241/embedded system/stm32 application/stm32cubeide_1.7.0/stm32cubeide/plugins/com.st.stm32cube.ide.mcu.externaltools.gnu-tools-for-stm32.9-2020-q2-update.win32_2.0.0.202105311346/tools/bin/../lib/gcc/arm-none-eabi/9.3.1/thumb/v7e-m+fp/hard/crtn.o
OUTPUT(Bai8.elf elf32-littlearm)
LOAD linker stubs
LOAD d:/semester 241/embedded system/stm32 application/stm32cubeide_1.7.0/stm32cubeide/plugins/com.st.stm32cube.ide.mcu.externaltools.gnu-tools-for-stm32.9-2020-q2-update.win32_2.0.0.202105311346/tools/bin/../lib/gcc/arm-none-eabi/9.3.1/../../../../arm-none-eabi/lib/thumb/v7e-m+fp/hard\libc.a
LOAD d:/semester 241/embedded system/stm32 application/stm32cubeide_1.7.0/stm32cubeide/plugins/com.st.stm32cube.ide.mcu.externaltools.gnu-tools-for-stm32.9-2020-q2-update.win32_2.0.0.202105311346/tools/bin/../lib/gcc/arm-none-eabi/9.3.1/../../../../arm-none-eabi/lib/thumb/v7e-m+fp/hard\libm.a
LOAD d:/semester 241/embedded system/stm32 application/stm32cubeide_1.7.0/stm32cubeide/plugins/com.st.stm32cube.ide.mcu.externaltools.gnu-tools-for-stm32.9-2020-q2-update.win32_2.0.0.202105311346/tools/bin/../lib/gcc/arm-none-eabi/9.3.1/thumb/v7e-m+fp/hard\libgcc.a

.debug_info     0x0000000000000000    0x2170a
 .debug_info    0x0000000000000000      0xabd ./Core/Src/adc.o
 .debug_info    0x0000000000000abd      0x7f4 ./Core/Src/button.o
 .debug_info    0x00000000000012b1     0x1699 ./Core/Src/control.o
 .debug_info    0x000000000000294a      0x59c ./Core/Src/dma.o
 .debug_info    0x0000000000002ee6      0xa96 ./Core/Src/fsmc.o
 .debug_info    0x000000000000397c      0x586 ./Core/Src/gpio.o
 .debug_info    0x0000000000003f02      0xa7d ./Core/Src/i2c.o
 .debug_info    0x000000000000497f     0x1bea ./Core/Src/lcd.o
 .debug_info    0x0000000000006569     0x2126 ./Core/Src/main.o
 .debug_info    0x000000000000868f      0x770 ./Core/Src/sensor.o
 .debug_info    0x0000000000008dff      0x86c ./Core/Src/software_timer.o
 .debug_info    0x000000000000966b      0xa5a ./Core/Src/spi.o
 .debug_info    0x000000000000a0c5      0x394 ./Core/Src/stm32f4xx_hal_msp.o
 .debug_info    0x000000000000a459      0xaab ./Core/Src/stm32f4xx_it.o
 .debug_info    0x000000000000af04      0xa25 ./Core/Src/sysmem.o
 .debug_info    0x000000000000b929     0x1adc ./Core/Src/system.o
 .debug_info    0x000000000000d405      0x5a4 ./Core/Src/system_stm32f4xx.o
 .debug_info    0x000000000000d9a9      0xf2a ./Core/Src/tim.o
 .debug_info    0x000000000000e8d3     0x16c9 ./Core/Src/uart.o
 .debug_info    0x000000000000ff9c      0xc8f ./Core/Src/usart.o
 .debug_info    0x0000000000010c2b       0x22 ./Core/Startup/startup_stm32f407zetx.o
 .debug_info    0x0000000000010c4d      0x9b2 ./Drivers/STM32F4xx_HAL_Driver/Src/stm32f4xx_hal.o
 .debug_info    0x00000000000115ff      0xdbc ./Drivers/STM32F4xx_HAL_Driver/Src/stm32f4xx_hal_adc.o
 .debug_info    0x00000000000123bb      0xed7 ./Drivers/STM32F4xx_HAL_Driver/Src/stm32f4xx_hal_cortex.o
 .debug_info    0x0000000000013292      0x9f1 ./Drivers/STM32F4xx_HAL_Driver/Src/stm32f4xx_hal_dma.o
 .debug_info    0x0000000000013c83      0x83e ./Drivers/STM32F4xx_HAL_Driver/Src/stm32f4xx_hal_gpio.o
 .debug_info    0x00000000000144c1     0x264d ./Drivers/STM32F4xx_HAL_Driver/Src/stm32f4xx_hal_i2c.o
 .debug_info    0x0000000000016b0e      0x996 ./Drivers/STM32F4xx_HAL_Driver/Src/stm32f4xx_hal_rcc.o
 .debug_info    0x00000000000174a4     0x17c0 ./Drivers/STM32F4xx_HAL_Driver/Src/stm32f4xx_hal_spi.o
 .debug_info    0x0000000000018c64      0xbab ./Drivers/STM32F4xx_HAL_Driver/Src/stm32f4xx_hal_sram.o
 .debug_info    0x000000000001980f     0x2c22 ./Drivers/STM32F4xx_HAL_Driver/Src/stm32f4xx_hal_tim.o
 .debug_info    0x000000000001c431     0x15a2 ./Drivers/STM32F4xx_HAL_Driver/Src/stm32f4xx_hal_tim_ex.o
 .debug_info    0x000000000001d9d3     0x31de ./Drivers/STM32F4xx_HAL_Driver/Src/stm32f4xx_hal_uart.o
 .debug_info    0x0000000000020bb1      0xb59 ./Drivers/STM32F4xx_HAL_Driver/Src/stm32f4xx_ll_fsmc.o

.debug_abbrev   0x0000000000000000     0x4423
 .debug_abbrev  0x0000000000000000      0x1ce ./Core/Src/adc.o
 .debug_abbrev  0x00000000000001ce      0x1bf ./Core/Src/button.o
 .debug_abbrev  0x000000000000038d      0x2a2 ./Core/Src/control.o
 .debug_abbrev  0x000000000000062f      0x11b ./Core/Src/dma.o
 .debug_abbrev  0x000000000000074a      0x1e2 ./Core/Src/fsmc.o
 .debug_abbrev  0x000000000000092c      0x14e ./Core/Src/gpio.o
 .debug_abbrev  0x0000000000000a7a      0x1bb ./Core/Src/i2c.o
 .debug_abbrev  0x0000000000000c35      0x3aa ./Core/Src/lcd.o
 .debug_abbrev  0x0000000000000fdf      0x263 ./Core/Src/main.o
 .debug_abbrev  0x0000000000001242      0x1f2 ./Core/Src/sensor.o
 .debug_abbrev  0x0000000000001434      0x1e7 ./Core/Src/software_timer.o
 .debug_abbrev  0x000000000000161b      0x1bb ./Core/Src/spi.o
 .debug_abbrev  0x00000000000017d6      0x11d ./Core/Src/stm32f4xx_hal_msp.o
 .debug_abbrev  0x00000000000018f3      0x176 ./Core/Src/stm32f4xx_it.o
 .debug_abbrev  0x0000000000001a69      0x1bf ./Core/Src/sysmem.o
 .debug_abbrev  0x0000000000001c28      0x23e ./Core/Src/system.o
 .debug_abbrev  0x0000000000001e66      0x145 ./Core/Src/system_stm32f4xx.o
 .debug_abbrev  0x0000000000001fab      0x1d7 ./Core/Src/tim.o
 .debug_abbrev  0x0000000000002182      0x273 ./Core/Src/uart.o
 .debug_abbrev  0x00000000000023f5      0x1c4 ./Core/Src/usart.o
 .debug_abbrev  0x00000000000025b9       0x12 ./Core/Startup/startup_stm32f407zetx.o
 .debug_abbrev  0x00000000000025cb      0x1ed ./Drivers/STM32F4xx_HAL_Driver/Src/stm32f4xx_hal.o
 .debug_abbrev  0x00000000000027b8      0x22f ./Drivers/STM32F4xx_HAL_Driver/Src/stm32f4xx_hal_adc.o
 .debug_abbrev  0x00000000000029e7      0x33c ./Drivers/STM32F4xx_HAL_Driver/Src/stm32f4xx_hal_cortex.o
 .debug_abbrev  0x0000000000002d23      0x259 ./Drivers/STM32F4xx_HAL_Driver/Src/stm32f4xx_hal_dma.o
 .debug_abbrev  0x0000000000002f7c      0x1f1 ./Drivers/STM32F4xx_HAL_Driver/Src/stm32f4xx_hal_gpio.o
 .debug_abbrev  0x000000000000316d      0x282 ./Drivers/STM32F4xx_HAL_Driver/Src/stm32f4xx_hal_i2c.o
 .debug_abbrev  0x00000000000033ef      0x275 ./Drivers/STM32F4xx_HAL_Driver/Src/stm32f4xx_hal_rcc.o
 .debug_abbrev  0x0000000000003664      0x26e ./Drivers/STM32F4xx_HAL_Driver/Src/stm32f4xx_hal_spi.o
 .debug_abbrev  0x00000000000038d2      0x1f4 ./Drivers/STM32F4xx_HAL_Driver/Src/stm32f4xx_hal_sram.o
 .debug_abbrev  0x0000000000003ac6      0x25e ./Drivers/STM32F4xx_HAL_Driver/Src/stm32f4xx_hal_tim.o
 .debug_abbrev  0x0000000000003d24      0x266 ./Drivers/STM32F4xx_HAL_Driver/Src/stm32f4xx_hal_tim_ex.o
 .debug_abbrev  0x0000000000003f8a      0x2eb ./Drivers/STM32F4xx_HAL_Driver/Src/stm32f4xx_hal_uart.o
 .debug_abbrev  0x0000000000004275      0x1ae ./Drivers/STM32F4xx_HAL_Driver/Src/stm32f4xx_ll_fsmc.o

.debug_aranges  0x0000000000000000     0x1670
 .debug_aranges
                0x0000000000000000       0x30 ./Core/Src/adc.o
 .debug_aranges
                0x0000000000000030       0x28 ./Core/Src/button.o
 .debug_aranges
                0x0000000000000058       0x48 ./Core/Src/control.o
 .debug_aranges
                0x00000000000000a0       0x20 ./Core/Src/dma.o
 .debug_aranges
                0x00000000000000c0       0x40 ./Core/Src/fsmc.o
 .debug_aranges
                0x0000000000000100       0x20 ./Core/Src/gpio.o
 .debug_aranges
                0x0000000000000120       0x30 ./Core/Src/i2c.o
 .debug_aranges
                0x0000000000000150       0xd8 ./Core/Src/lcd.o
 .debug_aranges
                0x0000000000000228       0x30 ./Core/Src/main.o
 .debug_aranges
                0x0000000000000258       0x40 ./Core/Src/sensor.o
 .debug_aranges
                0x0000000000000298       0x38 ./Core/Src/software_timer.o
 .debug_aranges
                0x00000000000002d0       0x30 ./Core/Src/spi.o
 .debug_aranges
                0x0000000000000300       0x20 ./Core/Src/stm32f4xx_hal_msp.o
 .debug_aranges
                0x0000000000000320       0x80 ./Core/Src/stm32f4xx_it.o
 .debug_aranges
                0x00000000000003a0       0x20 ./Core/Src/sysmem.o
 .debug_aranges
                0x00000000000003c0       0x28 ./Core/Src/system.o
 .debug_aranges
                0x00000000000003e8       0x28 ./Core/Src/system_stm32f4xx.o
 .debug_aranges
                0x0000000000000410       0x48 ./Core/Src/tim.o
 .debug_aranges
                0x0000000000000458       0x68 ./Core/Src/uart.o
 .debug_aranges
                0x00000000000004c0       0x38 ./Core/Src/usart.o
 .debug_aranges
                0x00000000000004f8       0x28 ./Core/Startup/startup_stm32f407zetx.o
 .debug_aranges
                0x0000000000000520       0xf0 ./Drivers/STM32F4xx_HAL_Driver/Src/stm32f4xx_hal.o
 .debug_aranges
                0x0000000000000610       0xe8 ./Drivers/STM32F4xx_HAL_Driver/Src/stm32f4xx_hal_adc.o
 .debug_aranges
                0x00000000000006f8      0x118 ./Drivers/STM32F4xx_HAL_Driver/Src/stm32f4xx_hal_cortex.o
 .debug_aranges
                0x0000000000000810       0x90 ./Drivers/STM32F4xx_HAL_Driver/Src/stm32f4xx_hal_dma.o
 .debug_aranges
                0x00000000000008a0       0x58 ./Drivers/STM32F4xx_HAL_Driver/Src/stm32f4xx_hal_gpio.o
 .debug_aranges
                0x00000000000008f8      0x2a0 ./Drivers/STM32F4xx_HAL_Driver/Src/stm32f4xx_hal_i2c.o
 .debug_aranges
                0x0000000000000b98       0x88 ./Drivers/STM32F4xx_HAL_Driver/Src/stm32f4xx_hal_rcc.o
 .debug_aranges
                0x0000000000000c20      0x1d0 ./Drivers/STM32F4xx_HAL_Driver/Src/stm32f4xx_hal_spi.o
 .debug_aranges
                0x0000000000000df0       0xa0 ./Drivers/STM32F4xx_HAL_Driver/Src/stm32f4xx_hal_sram.o
 .debug_aranges
                0x0000000000000e90      0x3d0 ./Drivers/STM32F4xx_HAL_Driver/Src/stm32f4xx_hal_tim.o
 .debug_aranges
                0x0000000000001260      0x168 ./Drivers/STM32F4xx_HAL_Driver/Src/stm32f4xx_hal_tim_ex.o
 .debug_aranges
                0x00000000000013c8      0x200 ./Drivers/STM32F4xx_HAL_Driver/Src/stm32f4xx_hal_uart.o
 .debug_aranges
                0x00000000000015c8       0xa8 ./Drivers/STM32F4xx_HAL_Driver/Src/stm32f4xx_ll_fsmc.o

.debug_ranges   0x0000000000000000     0x14c8
 .debug_ranges  0x0000000000000000       0x20 ./Core/Src/adc.o
 .debug_ranges  0x0000000000000020       0x18 ./Core/Src/button.o
 .debug_ranges  0x0000000000000038       0x50 ./Core/Src/control.o
 .debug_ranges  0x0000000000000088       0x10 ./Core/Src/dma.o
 .debug_ranges  0x0000000000000098       0x30 ./Core/Src/fsmc.o
 .debug_ranges  0x00000000000000c8       0x10 ./Core/Src/gpio.o
 .debug_ranges  0x00000000000000d8       0x20 ./Core/Src/i2c.o
 .debug_ranges  0x00000000000000f8       0xc8 ./Core/Src/lcd.o
 .debug_ranges  0x00000000000001c0       0x20 ./Core/Src/main.o
 .debug_ranges  0x00000000000001e0       0x30 ./Core/Src/sensor.o
 .debug_ranges  0x0000000000000210       0x28 ./Core/Src/software_timer.o
 .debug_ranges  0x0000000000000238       0x20 ./Core/Src/spi.o