main.c:110:5:main	24	static
main.c:203:6:SystemClock_Config	88	static
main.c:244:6:system_init	8	static
main.c:260:6:test_LedDebug	8	static
main.c:267:6:test_button	16	static
main.c:287:6:updateTime	8	static
main.c:296:6:button5	8	static
main.c:303:9:isButtonUp	4	static
main.c:310:9:isButtonDown	4	static
main.c:317:6:displayTime	24	static
main.c:326:6:adjustTime	24	static
main.c:396:6:setAlarm	24	static
main.c:416:6:checkAlarm	16	static
main.c:433:6:resendRequest	8	static
main.c:440:6:adjustTimeRS232	24	static
main.c:510:6:ProcessRingBufferData	16	static
main.c:559:6:Error_Handler	4	static,ignoring_inline_asm
